Component: Arm Compiler for Embedded 6.23 Tool: armlink [5f102400]

==============================================================================

Section Cross References

    startup_stm32h750xx.o(RESET) refers to startup_stm32h750xx.o(STACK) for __initial_sp
    startup_stm32h750xx.o(RESET) refers to startup_stm32h750xx.o(.text) for Reset_Handler
    startup_stm32h750xx.o(RESET) refers to stm32h7xx_it.o(.text.NMI_Handler) for NMI_Handler
    startup_stm32h750xx.o(RESET) refers to stm32h7xx_it.o(.text.HardFault_Handler) for HardFault_Handler
    startup_stm32h750xx.o(RESET) refers to stm32h7xx_it.o(.text.MemManage_Handler) for MemManage_Handler
    startup_stm32h750xx.o(RESET) refers to stm32h7xx_it.o(.text.BusFault_Handler) for BusFault_Handler
    startup_stm32h750xx.o(RESET) refers to stm32h7xx_it.o(.text.UsageFault_Handler) for UsageFault_Handler
    startup_stm32h750xx.o(RESET) refers to stm32h7xx_it.o(.text.SVC_Handler) for SVC_Handler
    startup_stm32h750xx.o(RESET) refers to stm32h7xx_it.o(.text.DebugMon_Handler) for DebugMon_Handler
    startup_stm32h750xx.o(RESET) refers to stm32h7xx_it.o(.text.PendSV_Handler) for PendSV_Handler
    startup_stm32h750xx.o(RESET) refers to stm32h7xx_it.o(.text.SysTick_Handler) for SysTick_Handler
    startup_stm32h750xx.o(RESET) refers to stm32h7xx_it.o(.text.USART2_IRQHandler) for USART2_IRQHandler
    startup_stm32h750xx.o(RESET) refers to stm32h7xx_it.o(.text.UART4_IRQHandler) for UART4_IRQHandler
    startup_stm32h750xx.o(RESET) refers to stm32h7xx_it.o(.text.UART5_IRQHandler) for UART5_IRQHandler
    startup_stm32h750xx.o(RESET) refers to stm32h7xx_it.o(.text.UART8_IRQHandler) for UART8_IRQHandler
    startup_stm32h750xx.o(.text) refers to system_stm32h7xx.o(.text.ExitRun0Mode) for ExitRun0Mode
    startup_stm32h750xx.o(.text) refers to system_stm32h7xx.o(.text.SystemInit) for SystemInit
    startup_stm32h750xx.o(.text) refers to entry.o(.ARM.Collect$$$$00000000) for __main
    main.o(.text.main) refers to tjc_usart_hmi.o(.text.initRingBuffer) for initRingBuffer
    main.o(.text.main) refers to usart.o(.bss.huart5) for huart5
    main.o(.text.main) refers to tjc_usart_hmi.o(.bss.RxBuffer) for RxBuffer
    main.o(.text.main) refers to stm32h7xx_hal_uart.o(.text.HAL_UART_Receive_IT) for HAL_UART_Receive_IT
    main.o(.text.main) refers to stm32h7xx_hal.o(.text.HAL_Init) for HAL_Init
    main.o(.text.main) refers to main.o(.text.SystemClock_Config) for SystemClock_Config
    main.o(.text.main) refers to gpio.o(.text.MX_GPIO_Init) for MX_GPIO_Init
    main.o(.text.main) refers to usart.o(.text.MX_UART8_Init) for MX_UART8_Init
    main.o(.text.main) refers to usart.o(.text.MX_USART2_UART_Init) for MX_USART2_UART_Init
    main.o(.text.main) refers to tim.o(.text.MX_TIM4_Init) for MX_TIM4_Init
    main.o(.text.main) refers to tim.o(.text.MX_TIM3_Init) for MX_TIM3_Init
    main.o(.text.main) refers to usart.o(.text.MX_UART4_Init) for MX_UART4_Init
    main.o(.text.main) refers to usart.o(.text.MX_UART5_Init) for MX_UART5_Init
    main.o(.text.main) refers to main.o(.bss..L_MergedGlobals) for .L_MergedGlobals
    main.o(.text.main) refers to usart.o(.bss.huart4) for huart4
    main.o(.text.main) refers to fun.o(.text.process_data) for process_data
    main.o(.text.main) refers to fun.o(.text.SF) for SF
    main.o(.text.main) refers to fun.o(.text.jxb_catchwire1) for jxb_catchwire1
    main.o(.text.main) refers to fun.o(.text.jxb_catchwire2) for jxb_catchwire2
    main.o(.ARM.exidx.text.main) refers to main.o(.text.main) for [Anonymous Symbol]
    main.o(.text.SystemClock_Config) refers to memseta.o(.text) for __aeabi_memclr4
    main.o(.text.SystemClock_Config) refers to stm32h7xx_hal_pwr_ex.o(.text.HAL_PWREx_ConfigSupply) for HAL_PWREx_ConfigSupply
    main.o(.text.SystemClock_Config) refers to stm32h7xx_hal_rcc.o(.text.HAL_RCC_OscConfig) for HAL_RCC_OscConfig
    main.o(.text.SystemClock_Config) refers to stm32h7xx_hal_rcc.o(.text.HAL_RCC_ClockConfig) for HAL_RCC_ClockConfig
    main.o(.ARM.exidx.text.SystemClock_Config) refers to main.o(.text.SystemClock_Config) for [Anonymous Symbol]
    main.o(.ARM.exidx.text.Error_Handler) refers to main.o(.text.Error_Handler) for [Anonymous Symbol]
    main.o(.text.HAL_UART_RxCpltCallback) refers to main.o(.bss..L_MergedGlobals) for .L_MergedGlobals
    main.o(.text.HAL_UART_RxCpltCallback) refers to atoi.o(.text) for atoi
    main.o(.text.HAL_UART_RxCpltCallback) refers to usart.o(.bss.huart4) for huart4
    main.o(.text.HAL_UART_RxCpltCallback) refers to stm32h7xx_hal_uart.o(.text.HAL_UART_Receive_IT) for HAL_UART_Receive_IT
    main.o(.ARM.exidx.text.HAL_UART_RxCpltCallback) refers to main.o(.text.HAL_UART_RxCpltCallback) for [Anonymous Symbol]
    main.o(.text.HAL_UART_ErrorCallback) refers to main.o(.bss..L_MergedGlobals) for .L_MergedGlobals
    main.o(.text.HAL_UART_ErrorCallback) refers to usart.o(.bss.huart4) for huart4
[...]
    Removing tjc_usart_hmi.o(.text.isRingBufferOverflow), (22 bytes).
    Removing tjc_usart_hmi.o(.ARM.exidx.text.isRingBufferOverflow), (8 bytes).
    Removing dadd.o(.text), (334 bytes).
    Removing dmul.o(.text), (228 bytes).
    Removing ddiv.o(.text), (222 bytes).
    Removing dfixul.o(.text), (48 bytes).
    Removing cdrcmple.o(.text), (48 bytes).
    Removing depilogue.o(.text), (186 bytes).

1231 unused section(s) (total 90665 bytes) removed from the image.

==============================================================================

Image Symbol Table

    Local Symbols

    Symbol Name                              Value     Ov Type        Size  Object(Section)

    ../clib/division.s                       0x00000000   Number         0  aeabi_sdiv.o ABSOLUTE
    ../clib/microlib/ctype/ctype.c           0x00000000   Number         0  ctype_o.o ABSOLUTE
    ../clib/microlib/ctype/ctype.c           0x00000000   Number         0  isalnum_o.o ABSOLUTE
    ../clib/microlib/ctype/ctype.c           0x00000000   Number         0  isalpha_o.o ABSOLUTE
    ../clib/microlib/ctype/ctype.c           0x00000000   Number         0  isblank_o.o ABSOLUTE
    ../clib/microlib/ctype/ctype.c           0x00000000   Number         0  iscntrl_o.o ABSOLUTE
    ../clib/microlib/ctype/ctype.c           0x00000000   Number         0  isdigit_o.o ABSOLUTE
    ../clib/microlib/ctype/ctype.c           0x00000000   Number         0  isgraph_o.o ABSOLUTE
    ../clib/microlib/ctype/ctype.c           0x00000000   Number         0  islower_o.o ABSOLUTE
    ../clib/microlib/ctype/ctype.c           0x00000000   Number         0  isprint_o.o ABSOLUTE
    ../clib/microlib/ctype/ctype.c           0x00000000   Number         0  ispunct_o.o ABSOLUTE
    ../clib/microlib/ctype/ctype.c           0x00000000   Number         0  isspace_o.o ABSOLUTE
    ../clib/microlib/ctype/ctype.c           0x00000000   Number         0  isupper_o.o ABSOLUTE
    ../clib/microlib/ctype/ctype.c           0x00000000   Number         0  isxdigit_o.o ABSOLUTE
    ../clib/microlib/division.c              0x00000000   Number         0  uldiv.o ABSOLUTE
    ../clib/microlib/division.c              0x00000000   Number         0  uidiv.o ABSOLUTE
    ../clib/microlib/errno.c                 0x00000000   Number         0  errno.o ABSOLUTE
    ../clib/microlib/init/entry.s            0x00000000   Number         0  entry.o ABSOLUTE
    ../clib/microlib/init/entry.s            0x00000000   Number         0  entry2.o ABSOLUTE
    ../clib/microlib/init/entry.s            0x00000000   Number         0  entry5.o ABSOLUTE
    ../clib/microlib/init/entry.s            0x00000000   Number         0  entry7a.o ABSOLUTE
    ../clib/microlib/init/entry.s            0x00000000   Number         0  entry7b.o ABSOLUTE
    ../clib/microlib/init/entry.s            0x00000000   Number         0  entry8a.o ABSOLUTE
    ../clib/microlib/init/entry.s            0x00000000   Number         0  entry8b.o ABSOLUTE
    ../clib/microlib/init/entry.s            0x00000000   Number         0  entry9a.o ABSOLUTE
    ../clib/microlib/init/entry.s            0x00000000   Number         0  entry9b.o ABSOLUTE
    ../clib/microlib/init/entry.s            0x00000000   Number         0  entry10a.o ABSOLUTE
    ../clib/microlib/init/entry.s            0x00000000   Number         0  entry10b.o ABSOLUTE
    ../clib/microlib/init/entry.s            0x00000000   Number         0  entry11a.o ABSOLUTE
    ../clib/microlib/init/entry.s            0x00000000   Number         0  entry11b.o ABSOLUTE
    ../clib/microlib/longlong.c              0x00000000   Number         0  llshl.o ABSOLUTE
    ../clib/microlib/longlong.c              0x00000000   Number         0  llushr.o ABSOLUTE
    ../clib/microlib/longlong.c              0x00000000   Number         0  llsshr.o ABSOLUTE
    ../clib/microlib/printf/printf.c         0x00000000   Number         0  printfb.o ABSOLUTE
    ../clib/microlib/printf/printf.c         0x00000000   Number         0  printf0.o ABSOLUTE
    ../clib/microlib/printf/printf.c         0x00000000   Number         0  printf1.o ABSOLUTE
    ../clib/microlib/printf/printf.c         0x00000000   Number         0  printf2.o ABSOLUTE
    ../clib/microlib/printf/printf.c         0x00000000   Number         0  printf3.o ABSOLUTE
    ../clib/microlib/printf/printf.c         0x00000000   Number         0  printf4.o ABSOLUTE
    ../clib/microlib/printf/printf.c         0x00000000   Number         0  printf5.o ABSOLUTE
    ../clib/microlib/printf/printf.c         0x00000000   Number         0  printf6.o ABSOLUTE
    ../clib/microlib/printf/printf.c         0x00000000   Number         0  printf7.o ABSOLUTE
    ../clib/microlib/printf/printf.c         0x00000000   Number         0  printf8.o ABSOLUTE
    ../clib/microlib/printf/printf.c         0x00000000   Number         0  printfa.o ABSOLUTE
    ../clib/microlib/printf/stubs.s          0x00000000   Number         0  printfstubs.o ABSOLUTE
    ../clib/microlib/stdio/streams.c         0x00000000   Number         0  stdout.o ABSOLUTE
    ../clib/microlib/string/memset.c         0x00000000   Number         0  memseta.o ABSOLUTE
    ../clib/microlib/stubs.s                 0x00000000   Number         0  iusefp.o ABSOLUTE
    ../clib/scanf.c                          0x00000000   Number         0  atoi.o ABSOLUTE
    ../clib/scanf.c                          0x00000000   Number         0  strtol.o ABSOLUTE
    ../clib/scanf.c                          0x00000000   Number         0  _strtoul.o ABSOLUTE
    ../clib/scanf.c                          0x00000000   Number         0  _chval.o ABSOLUTE
    ../fplib/microlib/fpadd.c                0x00000000   Number         0  dadd.o ABSOLUTE
    ../fplib/microlib/fpdiv.c                0x00000000   Number         0  ddiv.o ABSOLUTE
    ../fplib/microlib/fpepilogue.c           0x00000000   Number         0  depilogue.o ABSOLUTE
    ../fplib/microlib/fpfix.c                0x00000000   Number         0  dfixul.o ABSOLUTE
    ../fplib/microlib/fpmul.c                0x00000000   Number         0  dmul.o ABSOLUTE
    ../mathlib/acos.c                        0x00000000   Number         0  acos.o ABSOLUTE
    ../mathlib/atan.c                        0x00000000   Number         0  atan.o ABSOLUTE
    ../mathlib/dunder.c                      0x00000000   Number         0  dunder.o ABSOLUTE
    ../mathlib/fabs.c                        0x00000000   Number         0  fabs.o ABSOLUTE
    ../mathlib/fpclassify.c                  0x00000000   Number         0  fpclassify.o ABSOLUTE
    ../mathlib/poly.c                        0x00000000   Number         0  poly.o ABSOLUTE
    ../mathlib/sqrt.c                        0x00000000   Number         0  sqrt.o ABSOLUTE
    cdrcmple.s                               0x00000000   Number         0  cdrcmple.o ABSOLUTE
    dc.s                                     0x00000000   Number         0  dc.o ABSOLUTE
    fun.c                                    0x00000000   Number         0  fun.o ABSOLUTE
    gpio.c                                   0x00000000   Number         0  gpio.o ABSOLUTE
    handlers.s                               0x00000000   Number         0  handlers.o ABSOLUTE
    init.s                                   0x00000000   Number         0  init.o ABSOLUTE
    main.c                                   0x00000000   Number         0  main.o ABSOLUTE
    memorymap.c                              0x00000000   Number         0  memorymap.o ABSOLUTE
    startup_stm32h750xx.s                    0x00000000   Number         0  startup_stm32h750xx.o ABSOLUTE
    stm32h7xx_hal.c                          0x00000000   Number         0  stm32h7xx_hal.o ABSOLUTE
    stm32h7xx_hal_cortex.c                   0x00000000   Number         0  stm32h7xx_hal_cortex.o ABSOLUTE
    stm32h7xx_hal_dma.c                      0x00000000   Number         0  stm32h7xx_hal_dma.o ABSOLUTE
    stm32h7xx_hal_dma_ex.c                   0x00000000   Number         0  stm32h7xx_hal_dma_ex.o ABSOLUTE
    stm32h7xx_hal_exti.c                     0x00000000   Number         0  stm32h7xx_hal_exti.o ABSOLUTE
    stm32h7xx_hal_flash.c                    0x00000000   Number         0  stm32h7xx_hal_flash.o ABSOLUTE
    stm32h7xx_hal_flash_ex.c                 0x00000000   Number         0  stm32h7xx_hal_flash_ex.o ABSOLUTE
    stm32h7xx_hal_gpio.c                     0x00000000   Number         0  stm32h7xx_hal_gpio.o ABSOLUTE
    stm32h7xx_hal_hsem.c                     0x00000000   Number         0  stm32h7xx_hal_hsem.o ABSOLUTE
    stm32h7xx_hal_i2c.c                      0x00000000   Number         0  stm32h7xx_hal_i2c.o ABSOLUTE
    stm32h7xx_hal_i2c_ex.c                   0x00000000   Number         0  stm32h7xx_hal_i2c_ex.o ABSOLUTE
    stm32h7xx_hal_mdma.c                     0x00000000   Number         0  stm32h7xx_hal_mdma.o ABSOLUTE
    stm32h7xx_hal_msp.c                      0x00000000   Number         0  stm32h7xx_hal_msp.o ABSOLUTE
    stm32h7xx_hal_pwr.c                      0x00000000   Number         0  stm32h7xx_hal_pwr.o ABSOLUTE
    stm32h7xx_hal_pwr_ex.c                   0x00000000   Number         0  stm32h7xx_hal_pwr_ex.o ABSOLUTE
    stm32h7xx_hal_rcc.c                      0x00000000   Number         0  stm32h7xx_hal_rcc.o ABSOLUTE
    stm32h7xx_hal_rcc_ex.c                   0x00000000   Number         0  stm32h7xx_hal_rcc_ex.o ABSOLUTE
    stm32h7xx_hal_tim.c                      0x00000000   Number         0  stm32h7xx_hal_tim.o ABSOLUTE
    stm32h7xx_hal_tim_ex.c                   0x00000000   Number         0  stm32h7xx_hal_tim_ex.o ABSOLUTE
    stm32h7xx_hal_uart.c                     0x00000000   Number         0  stm32h7xx_hal_uart.o ABSOLUTE
    stm32h7xx_hal_uart_ex.c                  0x00000000   Number         0  stm32h7xx_hal_uart_ex.o ABSOLUTE
    stm32h7xx_it.c                           0x00000000   Number         0  stm32h7xx_it.o ABSOLUTE
    system_stm32h7xx.c                       0x00000000   Number         0  system_stm32h7xx.o ABSOLUTE
    tim.c                                    0x00000000   Number         0  tim.o ABSOLUTE
    tjc_usart_hmi.c                          0x00000000   Number         0  tjc_usart_hmi.o ABSOLUTE
    usart.c                                  0x00000000   Number         0  usart.o ABSOLUTE
    RESET                                    0x08000000   Section      664  startup_stm32h750xx.o(RESET)
    .ARM.Collect$$$$00000000                 0x08000298   Section        0  entry.o(.ARM.Collect$$$$00000000)
    .ARM.Collect$$$$00000001                 0x08000298   Section        4  entry2.o(.ARM.Collect$$$$00000001)
    .ARM.Collect$$$$00000004                 0x0800029c   Section        4  entry5.o(.ARM.Collect$$$$00000004)
    .ARM.Collect$$$$00000008                 0x080002a0   Section        0  entry7b.o(.ARM.Collect$$$$00000008)
    .ARM.Collect$$$$0000000A                 0x080002a0   Section        0  entry8b.o(.ARM.Collect$$$$0000000A)
    .ARM.Collect$$$$0000000B                 0x080002a0   Section        8  entry9a.o(.ARM.Collect$$$$0000000B)
    __lit__00000000                          0x080002a8   Data           4  entry2.o(.ARM.Collect$$$$00002712)
    .ARM.Collect$$$$0000000D                 0x080002a8   Section        0  entry10a.o(.ARM.Collect$$$$0000000D)
    .ARM.Collect$$$$0000000F                 0x080002a8   Section        0  entry11a.o(.ARM.Collect$$$$0000000F)
    .ARM.Collect$$$$00002712                 0x080002a8   Section        4  entry2.o(.ARM.Collect$$$$00002712)
    $v0                                      0x080002ac   Number         0  startup_stm32h750xx.o(.text)
    .text                                    0x080002ac   Section       44  startup_stm32h750xx.o(.text)
    .text                                    0x080002d8   Section        0  uldiv.o(.text)
    .text                                    0x0800033a   Section        0  memseta.o(.text)
    .text                                    0x0800035e   Section        0  atoi.o(.text)
    .text                                    0x08000378   Section        0  llshl.o(.text)
    .text                                    0x08000396   Section        0  llushr.o(.text)
    .text                                    0x080003b6   Section        0  strtol.o(.text)
    .text                                    0x08000426   Section        0  iusefp.o(.text)
    .text                                    0x08000428   Section       48  init.o(.text)
    .text                                    0x08000458   Section        0  ctype_o.o(.text)
    .text                                    0x08000460   Section        0  _strtoul.o(.text)
    .text                                    0x080004fe   Section        0  _chval.o(.text)
    [Anonymous Symbol]                       0x08000520   Section        0  stm32h7xx_it.o(.text.BusFault_Handler)
    [Anonymous Symbol]                       0x08000528   Section        0  stm32h7xx_it.o(.text.DebugMon_Handler)
    [Anonymous Symbol]                       0x08000530   Section        0  main.o(.text.Error_Handler)
    [Anonymous Symbol]                       0x08000540   Section        0  system_stm32h7xx.o(.text.ExitRun0Mode)
    [Anonymous Symbol]                       0x08000570   Section        0  stm32h7xx_hal_dma.o(.text.HAL_DMA_Abort)
    [Anonymous Symbol]                       0x08000a98   Section        0  stm32h7xx_hal_dma.o(.text.HAL_DMA_Abort_IT)
    [Anonymous Symbol]                       0x08000d50   Section        0  stm32h7xx_hal.o(.text.HAL_Delay)
    [Anonymous Symbol]                       0x08000d78   Section        0  stm32h7xx_hal_gpio.o(.text.HAL_GPIO_Init)
    [Anonymous Symbol]                       0x08000f20   Section        0  stm32h7xx_hal_gpio.o(.text.HAL_GPIO_WritePin)
    [Anonymous Symbol]                       0x08000f30   Section        0  stm32h7xx_hal.o(.text.HAL_GetREVID)
    [Anonymous Symbol]                       0x08000f40   Section        0  stm32h7xx_hal.o(.text.HAL_GetTick)
    [Anonymous Symbol]                       0x08000f50   Section        0  stm32h7xx_hal.o(.text.HAL_IncTick)
    [Anonymous Symbol]                       0x08000f70   Section        0  stm32h7xx_hal.o(.text.HAL_Init)
    [Anonymous Symbol]                       0x08000fd8   Section        0  stm32h7xx_hal.o(.text.HAL_InitTick)
    [Anonymous Symbol]                       0x08001028   Section        0  stm32h7xx_hal_msp.o(.text.HAL_MspInit)
    [Anonymous Symbol]                       0x08001048   Section        0  stm32h7xx_hal_cortex.o(.text.HAL_NVIC_EnableIRQ)
    [Anonymous Symbol]                       0x08001070   Section        0  stm32h7xx_hal_cortex.o(.text.HAL_NVIC_SetPriority)
    [Anonymous Symbol]                       0x080010d0   Section        0  stm32h7xx_hal_cortex.o(.text.HAL_NVIC_SetPriorityGrouping)
    [Anonymous Symbol]                       0x080010f0   Section        0  stm32h7xx_hal_pwr_ex.o(.text.HAL_PWREx_ConfigSupply)
    [Anonymous Symbol]                       0x08001140   Section        0  stm32h7xx_hal_rcc_ex.o(.text.HAL_RCCEx_GetD3PCLK1Freq)
    [Anonymous Symbol]                       0x08001168   Section        0  stm32h7xx_hal_rcc_ex.o(.text.HAL_RCCEx_GetPLL2ClockFreq)
    [Anonymous Symbol]                       0x08001290   Section        0  stm32h7xx_hal_rcc_ex.o(.text.HAL_RCCEx_GetPLL3ClockFreq)
    [Anonymous Symbol]                       0x080013b8   Section        0  stm32h7xx_hal_rcc_ex.o(.text.HAL_RCCEx_PeriphCLKConfig)
    [Anonymous Symbol]                       0x08001ec8   Section        0  stm32h7xx_hal_rcc.o(.text.HAL_RCC_ClockConfig)
    [Anonymous Symbol]                       0x08002120   Section        0  stm32h7xx_hal_rcc.o(.text.HAL_RCC_GetHCLKFreq)
    [Anonymous Symbol]                       0x08002170   Section        0  stm32h7xx_hal_rcc.o(.text.HAL_RCC_GetPCLK1Freq)
    [Anonymous Symbol]                       0x080021d0   Section        0  stm32h7xx_hal_rcc.o(.text.HAL_RCC_GetPCLK2Freq)
    [Anonymous Symbol]                       0x08002230   Section        0  stm32h7xx_hal_rcc.o(.text.HAL_RCC_GetSysClockFreq)
    [Anonymous Symbol]                       0x08002350   Section        0  stm32h7xx_hal_rcc.o(.text.HAL_RCC_OscConfig)
    [Anonymous Symbol]                       0x080028c0   Section        0  stm32h7xx_hal_cortex.o(.text.HAL_SYSTICK_Config)
    [Anonymous Symbol]                       0x080028f0   Section        0  stm32h7xx_hal_tim_ex.o(.text.HAL_TIMEx_MasterConfigSynchronization)
    [Anonymous Symbol]                       0x080029c0   Section        0  stm32h7xx_hal_tim.o(.text.HAL_TIM_Base_Init)
    [Anonymous Symbol]                       0x08002a20   Section        0  tim.o(.text.HAL_TIM_Base_MspInit)
    [Anonymous Symbol]                       0x08002a80   Section        0  stm32h7xx_hal_tim.o(.text.HAL_TIM_ConfigClockSource)
    [Anonymous Symbol]                       0x08002c80   Section        0  stm32h7xx_hal_uart_ex.o(.text.HAL_UARTEx_DisableFifoMode)
    [Anonymous Symbol]                       0x08002cb8   Section        0  stm32h7xx_hal_uart.o(.text.HAL_UARTEx_RxEventCallback)
    [Anonymous Symbol]                       0x08002cc0   Section        0  stm32h7xx_hal_uart_ex.o(.text.HAL_UARTEx_RxFifoFullCallback)
    [Anonymous Symbol]                       0x08002cc8   Section        0  stm32h7xx_hal_uart_ex.o(.text.HAL_UARTEx_SetRxFifoThreshold)
    [Anonymous Symbol]                       0x08002d58   Section        0  stm32h7xx_hal_uart_ex.o(.text.HAL_UARTEx_SetTxFifoThreshold)
    [Anonymous Symbol]                       0x08002de8   Section        0  stm32h7xx_hal_uart_ex.o(.text.HAL_UARTEx_TxFifoEmptyCallback)
    [Anonymous Symbol]                       0x08002df0   Section        0  stm32h7xx_hal_uart_ex.o(.text.HAL_UARTEx_WakeupCallback)
    [Anonymous Symbol]                       0x08002df8   Section        0  main.o(.text.HAL_UART_ErrorCallback)
    [Anonymous Symbol]                       0x08002e28   Section        0  stm32h7xx_hal_uart.o(.text.HAL_UART_IRQHandler)
    [Anonymous Symbol]                       0x080034b8   Section        0  stm32h7xx_hal_uart.o(.text.HAL_UART_Init)
    [Anonymous Symbol]                       0x08003520   Section        0  usart.o(.text.HAL_UART_MspInit)
    [Anonymous Symbol]                       0x080036f0   Section        0  stm32h7xx_hal_uart.o(.text.HAL_UART_Receive_IT)
    [Anonymous Symbol]                       0x080037a0   Section        0  main.o(.text.HAL_UART_RxCpltCallback)
    [Anonymous Symbol]                       0x080037e0   Section        0  stm32h7xx_hal_uart.o(.text.HAL_UART_Transmit)
    [Anonymous Symbol]                       0x08003990   Section        0  stm32h7xx_hal_uart.o(.text.HAL_UART_TxCpltCallback)
    [Anonymous Symbol]                       0x08003998   Section        0  stm32h7xx_it.o(.text.HardFault_Handler)
    [Anonymous Symbol]                       0x080039a0   Section        0  gpio.o(.text.MX_GPIO_Init)
    [Anonymous Symbol]                       0x08003a40   Section        0  tim.o(.text.MX_TIM3_Init)
    [Anonymous Symbol]                       0x08003ab8   Section        0  tim.o(.text.MX_TIM4_Init)
    [Anonymous Symbol]                       0x08003b30   Section        0  usart.o(.text.MX_UART4_Init)
    [Anonymous Symbol]                       0x08003bb0   Section        0  usart.o(.text.MX_UART5_Init)
    [Anonymous Symbol]                       0x08003c30   Section        0  usart.o(.text.MX_UART8_Init)
    [Anonymous Symbol]                       0x08003cb0   Section        0  usart.o(.text.MX_USART2_UART_Init)
    [Anonymous Symbol]                       0x08003d30   Section        0  stm32h7xx_it.o(.text.MemManage_Handler)
    [Anonymous Symbol]                       0x08003d38   Section        0  stm32h7xx_it.o(.text.NMI_Handler)
    [Anonymous Symbol]                       0x08003d40   Section        0  stm32h7xx_it.o(.text.PendSV_Handler)
    RCCEx_PLL2_Config                        0x08003d49   Thumb Code   290  stm32h7xx_hal_rcc_ex.o(.text.RCCEx_PLL2_Config)
    [Anonymous Symbol]                       0x08003d48   Section        0  stm32h7xx_hal_rcc_ex.o(.text.RCCEx_PLL2_Config)
    RCCEx_PLL3_Config                        0x08003e71   Thumb Code   290  stm32h7xx_hal_rcc_ex.o(.text.RCCEx_PLL3_Config)
    [Anonymous Symbol]                       0x08003e70   Section        0  stm32h7xx_hal_rcc_ex.o(.text.RCCEx_PLL3_Config)
    [Anonymous Symbol]                       0x08003f98   Section        0  fun.o(.text.SF)
    [Anonymous Symbol]                       0x08004248   Section        0  stm32h7xx_it.o(.text.SVC_Handler)
    [Anonymous Symbol]                       0x08004250   Section        0  stm32h7xx_it.o(.text.SysTick_Handler)
    [Anonymous Symbol]                       0x08004258   Section        0  main.o(.text.SystemClock_Config)
    [Anonymous Symbol]                       0x08004340   Section        0  system_stm32h7xx.o(.text.SystemInit)
    [Anonymous Symbol]                       0x08004430   Section        0  stm32h7xx_hal_tim.o(.text.TIM_Base_SetConfig)
    [Anonymous Symbol]                       0x08004580   Section        0  stm32h7xx_it.o(.text.UART4_IRQHandler)
    [Anonymous Symbol]                       0x08004590   Section        0  stm32h7xx_it.o(.text.UART5_IRQHandler)
    [Anonymous Symbol]                       0x080045a0   Section        0  stm32h7xx_it.o(.text.UART8_IRQHandler)
    [Anonymous Symbol]                       0x080045b0   Section        0  stm32h7xx_hal_uart.o(.text.UART_AdvFeatureConfig)
    [Anonymous Symbol]                       0x08004690   Section        0  stm32h7xx_hal_uart.o(.text.UART_CheckIdleState)
    UART_DMAAbortOnError                     0x08004801   Thumb Code    12  stm32h7xx_hal_uart.o(.text.UART_DMAAbortOnError)
    [Anonymous Symbol]                       0x08004800   Section        0  stm32h7xx_hal_uart.o(.text.UART_DMAAbortOnError)
    UART_RxISR_16BIT                         0x08004811   Thumb Code   452  stm32h7xx_hal_uart.o(.text.UART_RxISR_16BIT)
    [Anonymous Symbol]                       0x08004810   Section        0  stm32h7xx_hal_uart.o(.text.UART_RxISR_16BIT)
    UART_RxISR_16BIT_FIFOEN                  0x080049d9   Thumb Code   826  stm32h7xx_hal_uart.o(.text.UART_RxISR_16BIT_FIFOEN)
    [Anonymous Symbol]                       0x080049d8   Section        0  stm32h7xx_hal_uart.o(.text.UART_RxISR_16BIT_FIFOEN)
    UART_RxISR_8BIT                          0x08004d19   Thumb Code   456  stm32h7xx_hal_uart.o(.text.UART_RxISR_8BIT)
    [Anonymous Symbol]                       0x08004d18   Section        0  stm32h7xx_hal_uart.o(.text.UART_RxISR_8BIT)
    UART_RxISR_8BIT_FIFOEN                   0x08004ee1   Thumb Code   830  stm32h7xx_hal_uart.o(.text.UART_RxISR_8BIT_FIFOEN)
    [Anonymous Symbol]                       0x08004ee0   Section        0  stm32h7xx_hal_uart.o(.text.UART_RxISR_8BIT_FIFOEN)
    [Anonymous Symbol]                       0x08005220   Section        0  stm32h7xx_hal_uart.o(.text.UART_SetConfig)
    [Anonymous Symbol]                       0x080056a8   Section        0  stm32h7xx_hal_uart.o(.text.UART_Start_Receive_IT)
    [Anonymous Symbol]                       0x08005920   Section        0  stm32h7xx_hal_uart.o(.text.UART_WaitOnFlagUntilTimeout)
    [Anonymous Symbol]                       0x08005c78   Section        0  stm32h7xx_it.o(.text.USART2_IRQHandler)
    [Anonymous Symbol]                       0x08005c88   Section        0  stm32h7xx_it.o(.text.UsageFault_Handler)
    [Anonymous Symbol]                       0x08005c90   Section        0  main.o(.text.fputc)
    [Anonymous Symbol]                       0x08005cb0   Section        0  tjc_usart_hmi.o(.text.initRingBuffer)
    [Anonymous Symbol]                       0x08005cc0   Section        0  fun.o(.text.jxb_catchwire1)
    [Anonymous Symbol]                       0x08005f88   Section        0  fun.o(.text.jxb_catchwire2)
    [Anonymous Symbol]                       0x080060d0   Section        0  main.o(.text.main)
    [Anonymous Symbol]                       0x08006198   Section        0  fun.o(.text.process_data)
    i.__0printf$8                            0x080062d8   Section        0  printf8.o(i.__0printf$8)
    i.__0sprintf$8                           0x080062f8   Section        0  printf8.o(i.__0sprintf$8)
    i.__ARM_fpclassify                       0x08006320   Section        0  fpclassify.o(i.__ARM_fpclassify)
    i.__aeabi_errno_addr                     0x08006350   Section        0  errno.o(i.__aeabi_errno_addr)
    i.__hardfp_acos                          0x08006358   Section        0  acos.o(i.__hardfp_acos)
    i.__hardfp_atan                          0x08006558   Section        0  atan.o(i.__hardfp_atan)
    i.__kernel_poly                          0x0800672c   Section        0  poly.o(i.__kernel_poly)
    i.__mathlib_dbl_infnan                   0x0800679c   Section        0  dunder.o(i.__mathlib_dbl_infnan)
    i.__mathlib_dbl_invalid                  0x080067a8   Section        0  dunder.o(i.__mathlib_dbl_invalid)
    i.__mathlib_dbl_underflow                0x080067c0   Section        0  dunder.o(i.__mathlib_dbl_underflow)
    i.__scatterload_copy                     0x080067d8   Section       14  handlers.o(i.__scatterload_copy)
    i.__scatterload_null                     0x080067e6   Section        2  handlers.o(i.__scatterload_null)
    i.__scatterload_zeroinit                 0x080067e8   Section       14  handlers.o(i.__scatterload_zeroinit)
    i.__set_errno                            0x080067f8   Section        0  errno.o(i.__set_errno)
    _printf_core                             0x08006805   Thumb Code   996  printf8.o(i._printf_core)
    i._printf_core                           0x08006804   Section        0  printf8.o(i._printf_core)
    _printf_post_padding                     0x08006c15   Thumb Code    36  printf8.o(i._printf_post_padding)
    i._printf_post_padding                   0x08006c14   Section        0  printf8.o(i._printf_post_padding)
    _printf_pre_padding                      0x08006c39   Thumb Code    46  printf8.o(i._printf_pre_padding)
    i._printf_pre_padding                    0x08006c38   Section        0  printf8.o(i._printf_pre_padding)
    _sputc                                   0x08006c67   Thumb Code    10  printf8.o(i._sputc)
    i._sputc                                 0x08006c66   Section        0  printf8.o(i._sputc)
    i.fabs                                   0x08006c70   Section        0  fabs.o(i.fabs)
    i.sqrt                                   0x08006c88   Section        0  sqrt.o(i.sqrt)
    pS                                       0x08006cf8   Data          48  acos.o(.constdata)
    .constdata                               0x08006cf8   Section       80  acos.o(.constdata)
    qS                                       0x08006d28   Data          32  acos.o(.constdata)
    atanhi                                   0x08006d48   Data          32  atan.o(.constdata)
    .constdata                               0x08006d48   Section      152  atan.o(.constdata)
    atanlo                                   0x08006d68   Data          32  atan.o(.constdata)
    aTodd                                    0x08006d88   Data          40  atan.o(.constdata)
    aTeven                                   0x08006db0   Data          48  atan.o(.constdata)
    .constdata                               0x08006de0   Section      129  ctype_o.o(.constdata)
    table                                    0x08006e64   Data           4  ctype_o.o(.constdata)
    .constdata                               0x08006e64   Section        4  ctype_o.o(.constdata)
    .Lswitch.table.UART_SetConfig.5          0x08006e68   Data           6  stm32h7xx_hal_uart.o(.rodata..Lswitch.table.UART_SetConfig.5)
    .Lswitch.table.UART_SetConfig.7          0x08006e6e   Data           6  stm32h7xx_hal_uart.o(.rodata..Lswitch.table.UART_SetConfig.7)
    UARTEx_SetNbDataToProcess.numerator      0x08006e9c   Data           8  stm32h7xx_hal_uart_ex.o(.rodata.cst8)
    [Anonymous Symbol]                       0x08006e9c   Section        0  stm32h7xx_hal_uart_ex.o(.rodata.cst8)
    UARTEx_SetNbDataToProcess.denominator    0x08006ea4   Data           8  stm32h7xx_hal_uart_ex.o(.rodata.cst8)
    .L.str.8                                 0x08006eac   Data          18  fun.o(.rodata.str1.1)
    [Anonymous Symbol]                       0x08006eac   Section        0  fun.o(.rodata.str1.1)
    .L.str.9                                 0x08006ebe   Data          17  fun.o(.rodata.str1.1)
    .L.str.17                                0x08006ecf   Data          21  fun.o(.rodata.str1.1)
    .L.str.16                                0x08006ee4   Data          22  fun.o(.rodata.str1.1)
    .data                                    0x24000000   Section        4  stdout.o(.data)
    _errno                                   0x24000004   Data           4  errno.o(.data)
    .data                                    0x24000004   Section        4  errno.o(.data)
    .L_MergedGlobals                         0x24000008   Data           8  stm32h7xx_hal.o(.data..L_MergedGlobals)
    [Anonymous Symbol]                       0x24000008   Section        0  stm32h7xx_hal.o(.data..L_MergedGlobals)
    .L_MergedGlobals                         0x24000010   Data           8  system_stm32h7xx.o(.data..L_MergedGlobals)
    [Anonymous Symbol]                       0x24000010   Section        0  system_stm32h7xx.o(.data..L_MergedGlobals)
    .L_MergedGlobals                         0x24000018   Data          24  main.o(.bss..L_MergedGlobals)
    [Anonymous Symbol]                       0x24000018   Section        0  main.o(.bss..L_MergedGlobals)
    STACK                                    0x24000558   Section     1024  startup_stm32h750xx.o(STACK)

    Global Symbols

    Symbol Name                              Value     Ov Type        Size  Object(Section)

    BuildAttributes$$THM_ISAv4$E$P$D$K$B$S$7EM$VFPv5_D16$PE$PLD8$A:L22UL41UL21$X:L11$S22US41US21$IEEE1$IW$~IW$USESV6$~STKCKD$USESV7$~SHL$OTIME$ROPI$IEEEX$EBA8$MICROLIB$REQ8$PRES8$EABIv2 0x00000000   Number         0  anon$$obj.o ABSOLUTE
    _printf_a                                0x00000000   Number         0  printfstubs.o ABSOLUTE
    _printf_c                                0x00000000   Number         0  printfstubs.o ABSOLUTE
    _printf_charcount                        0x00000000   Number         0  printfstubs.o ABSOLUTE
    _printf_d                                0x00000000   Number         0  printfstubs.o ABSOLUTE
    _printf_e                                0x00000000   Number         0  printfstubs.o ABSOLUTE
    _printf_f                                0x00000000   Number         0  printfstubs.o ABSOLUTE
    _printf_flags                            0x00000000   Number         0  printfstubs.o ABSOLUTE
    _printf_fp_dec                           0x00000000   Number         0  printfstubs.o ABSOLUTE
    _printf_fp_hex                           0x00000000   Number         0  printfstubs.o ABSOLUTE
    _printf_g                                0x00000000   Number         0  printfstubs.o ABSOLUTE
    _printf_i                                0x00000000   Number         0  printfstubs.o ABSOLUTE
    _printf_int_dec                          0x00000000   Number         0  printfstubs.o ABSOLUTE
    _printf_l                                0x00000000   Number         0  printfstubs.o ABSOLUTE
    _printf_lc                               0x00000000   Number         0  printfstubs.o ABSOLUTE
    _printf_ll                               0x00000000   Number         0  printfstubs.o ABSOLUTE
    _printf_lld                              0x00000000   Number         0  printfstubs.o ABSOLUTE
    _printf_lli                              0x00000000   Number         0  printfstubs.o ABSOLUTE
    _printf_llo                              0x00000000   Number         0  printfstubs.o ABSOLUTE
    _printf_llu                              0x00000000   Number         0  printfstubs.o ABSOLUTE
    _printf_llx                              0x00000000   Number         0  printfstubs.o ABSOLUTE
    _printf_longlong_dec                     0x00000000   Number         0  printfstubs.o ABSOLUTE
    _printf_longlong_hex                     0x00000000   Number         0  printfstubs.o ABSOLUTE
    _printf_longlong_oct                     0x00000000   Number         0  printfstubs.o ABSOLUTE
    _printf_ls                               0x00000000   Number         0  printfstubs.o ABSOLUTE
    _printf_mbtowc                           0x00000000   Number         0  printfstubs.o ABSOLUTE
    _printf_n                                0x00000000   Number         0  printfstubs.o ABSOLUTE
    _printf_o                                0x00000000   Number         0  printfstubs.o ABSOLUTE
    _printf_p                                0x00000000   Number         0  printfstubs.o ABSOLUTE
    _printf_percent                          0x00000000   Number         0  printfstubs.o ABSOLUTE
    _printf_pre_padding                      0x00000000   Number         0  printfstubs.o ABSOLUTE
    _printf_return_value                     0x00000000   Number         0  printfstubs.o ABSOLUTE
    _printf_s                                0x00000000   Number         0  printfstubs.o ABSOLUTE
    _printf_sizespec                         0x00000000   Number         0  printfstubs.o ABSOLUTE
    _printf_str                              0x00000000   Number         0  printfstubs.o ABSOLUTE
    _printf_truncate_signed                  0x00000000   Number         0  printfstubs.o ABSOLUTE
    _printf_truncate_unsigned                0x00000000   Number         0  printfstubs.o ABSOLUTE
    _printf_u                                0x00000000   Number         0  printfstubs.o ABSOLUTE
    _printf_wc                               0x00000000   Number         0  printfstubs.o ABSOLUTE
    _printf_wctomb                           0x00000000   Number         0  printfstubs.o ABSOLUTE
    _printf_widthprec                        0x00000000   Number         0  printfstubs.o ABSOLUTE
    _printf_x                                0x00000000   Number         0  printfstubs.o ABSOLUTE
    __cpp_initialize__aeabi_                  - Undefined Weak Reference
    __cxa_finalize                            - Undefined Weak Reference
    __decompress                              - Undefined Weak Reference
    _clock_init                               - Undefined Weak Reference
    _microlib_exit                            - Undefined Weak Reference
    __Vectors_Size                           0x00000298   Number         0  startup_stm32h750xx.o ABSOLUTE
    __Vectors                                0x08000000   Data           4  startup_stm32h750xx.o(RESET)
    __Vectors_End                            0x08000298   Data           0  startup_stm32h750xx.o(RESET)
    __main                                   0x08000299   Thumb Code     0  entry.o(.ARM.Collect$$$$00000000)
    _main_stk                                0x08000299   Thumb Code     0  entry2.o(.ARM.Collect$$$$00000001)
    _main_scatterload                        0x0800029d   Thumb Code     0  entry5.o(.ARM.Collect$$$$00000004)
    __main_after_scatterload                 0x080002a1   Thumb Code     0  entry5.o(.ARM.Collect$$$$00000004)
    _main_clock                              0x080002a1   Thumb Code     0  entry7b.o(.ARM.Collect$$$$00000008)
    _main_cpp_init                           0x080002a1   Thumb Code     0  entry8b.o(.ARM.Collect$$$$0000000A)
    _main_init                               0x080002a1   Thumb Code     0  entry9a.o(.ARM.Collect$$$$0000000B)
    __rt_final_cpp                           0x080002a9   Thumb Code     0  entry10a.o(.ARM.Collect$$$$0000000D)
    __rt_final_exit                          0x080002a9   Thumb Code     0  entry11a.o(.ARM.Collect$$$$0000000F)
    Reset_Handler                            0x080002ad   Thumb Code    12  startup_stm32h750xx.o(.text)
    ADC3_IRQHandler                          0x080002cb   Thumb Code     0  startup_stm32h750xx.o(.text)
    ADC_IRQHandler                           0x080002cb   Thumb Code     0  startup_stm32h750xx.o(.text)
    BDMA_Channel0_IRQHandler                 0x080002cb   Thumb Code     0  startup_stm32h750xx.o(.text)
    BDMA_Channel1_IRQHandler                 0x080002cb   Thumb Code     0  startup_stm32h750xx.o(.text)
    BDMA_Channel2_IRQHandler                 0x080002cb   Thumb Code     0  startup_stm32h750xx.o(.text)
    BDMA_Channel3_IRQHandler                 0x080002cb   Thumb Code     0  startup_stm32h750xx.o(.text)
    BDMA_Channel4_IRQHandler                 0x080002cb   Thumb Code     0  startup_stm32h750xx.o(.text)
    BDMA_Channel5_IRQHandler                 0x080002cb   Thumb Code     0  startup_stm32h750xx.o(.text)
    BDMA_Channel6_IRQHandler                 0x080002cb   Thumb Code     0  startup_stm32h750xx.o(.text)
    BDMA_Channel7_IRQHandler                 0x080002cb   Thumb Code     0  startup_stm32h750xx.o(.text)
    CEC_IRQHandler                           0x080002cb   Thumb Code     0  startup_stm32h750xx.o(.text)
    COMP1_IRQHandler                         0x080002cb   Thumb Code     0  startup_stm32h750xx.o(.text)
    CRS_IRQHandler                           0x080002cb   Thumb Code     0  startup_stm32h750xx.o(.text)
    CRYP_IRQHandler                          0x080002cb   Thumb Code     0  startup_stm32h750xx.o(.text)
    DCMI_IRQHandler                          0x080002cb   Thumb Code     0  startup_stm32h750xx.o(.text)
    DFSDM1_FLT0_IRQHandler                   0x080002cb   Thumb Code     0  startup_stm32h750xx.o(.text)
    DFSDM1_FLT1_IRQHandler                   0x080002cb   Thumb Code     0  startup_stm32h750xx.o(.text)
    DFSDM1_FLT2_IRQHandler                   0x080002cb   Thumb Code     0  startup_stm32h750xx.o(.text)
    DFSDM1_FLT3_IRQHandler                   0x080002cb   Thumb Code     0  startup_stm32h750xx.o(.text)
    DMA1_Stream0_IRQHandler                  0x080002cb   Thumb Code     0  startup_stm32h750xx.o(.text)
    DMA1_Stream1_IRQHandler                  0x080002cb   Thumb Code     0  startup_stm32h750xx.o(.text)
    DMA1_Stream2_IRQHandler                  0x080002cb   Thumb Code     0  startup_stm32h750xx.o(.text)
    DMA1_Stream3_IRQHandler                  0x080002cb   Thumb Code     0  startup_stm32h750xx.o(.text)
    DMA1_Stream4_IRQHandler                  0x080002cb   Thumb Code     0  startup_stm32h750xx.o(.text)
    DMA1_Stream5_IRQHandler                  0x080002cb   Thumb Code     0  startup_stm32h750xx.o(.text)
    DMA1_Stream6_IRQHandler                  0x080002cb   Thumb Code     0  startup_stm32h750xx.o(.text)
    DMA1_Stream7_IRQHandler                  0x080002cb   Thumb Code     0  startup_stm32h750xx.o(.text)
    DMA2D_IRQHandler                         0x080002cb   Thumb Code     0  startup_stm32h750xx.o(.text)
    DMA2_Stream0_IRQHandler                  0x080002cb   Thumb Code     0  startup_stm32h750xx.o(.text)
    DMA2_Stream1_IRQHandler                  0x080002cb   Thumb Code     0  startup_stm32h750xx.o(.text)
    DMA2_Stream2_IRQHandler                  0x080002cb   Thumb Code     0  startup_stm32h750xx.o(.text)
    DMA2_Stream3_IRQHandler                  0x080002cb   Thumb Code     0  startup_stm32h750xx.o(.text)
    DMA2_Stream4_IRQHandler                  0x080002cb   Thumb Code     0  startup_stm32h750xx.o(.text)
    DMA2_Stream5_IRQHandler                  0x080002cb   Thumb Code     0  startup_stm32h750xx.o(.text)
    DMA2_Stream6_IRQHandler                  0x080002cb   Thumb Code     0  startup_stm32h750xx.o(.text)
    DMA2_Stream7_IRQHandler                  0x080002cb   Thumb Code     0  startup_stm32h750xx.o(.text)
    DMAMUX1_OVR_IRQHandler                   0x080002cb   Thumb Code     0  startup_stm32h750xx.o(.text)
    DMAMUX2_OVR_IRQHandler                   0x080002cb   Thumb Code     0  startup_stm32h750xx.o(.text)
    ECC_IRQHandler                           0x080002cb   Thumb Code     0  startup_stm32h750xx.o(.text)
    ETH_IRQHandler                           0x080002cb   Thumb Code     0  startup_stm32h750xx.o(.text)
    ETH_WKUP_IRQHandler                      0x080002cb   Thumb Code     0  startup_stm32h750xx.o(.text)
    EXTI0_IRQHandler                         0x080002cb   Thumb Code     0  startup_stm32h750xx.o(.text)
    EXTI15_10_IRQHandler                     0x080002cb   Thumb Code     0  startup_stm32h750xx.o(.text)
    EXTI1_IRQHandler                         0x080002cb   Thumb Code     0  startup_stm32h750xx.o(.text)
    EXTI2_IRQHandler                         0x080002cb   Thumb Code     0  startup_stm32h750xx.o(.text)
    EXTI3_IRQHandler                         0x080002cb   Thumb Code     0  startup_stm32h750xx.o(.text)
    EXTI4_IRQHandler                         0x080002cb   Thumb Code     0  startup_stm32h750xx.o(.text)
    EXTI9_5_IRQHandler                       0x080002cb   Thumb Code     0  startup_stm32h750xx.o(.text)
    FDCAN1_IT0_IRQHandler                    0x080002cb   Thumb Code     0  startup_stm32h750xx.o(.text)
    FDCAN1_IT1_IRQHandler                    0x080002cb   Thumb Code     0  startup_stm32h750xx.o(.text)
    FDCAN2_IT0_IRQHandler                    0x080002cb   Thumb Code     0  startup_stm32h750xx.o(.text)
    FDCAN2_IT1_IRQHandler                    0x080002cb   Thumb Code     0  startup_stm32h750xx.o(.text)
    FDCAN_CAL_IRQHandler                     0x080002cb   Thumb Code     0  startup_stm32h750xx.o(.text)
    FLASH_IRQHandler                         0x080002cb   Thumb Code     0  startup_stm32h750xx.o(.text)
    FMC_IRQHandler                           0x080002cb   Thumb Code     0  startup_stm32h750xx.o(.text)
    FPU_IRQHandler                           0x080002cb   Thumb Code     0  startup_stm32h750xx.o(.text)
    HASH_RNG_IRQHandler                      0x080002cb   Thumb Code     0  startup_stm32h750xx.o(.text)
    HRTIM1_FLT_IRQHandler                    0x080002cb   Thumb Code     0  startup_stm32h750xx.o(.text)
    HRTIM1_Master_IRQHandler                 0x080002cb   Thumb Code     0  startup_stm32h750xx.o(.text)
    HRTIM1_TIMA_IRQHandler                   0x080002cb   Thumb Code     0  startup_stm32h750xx.o(.text)
    HRTIM1_TIMB_IRQHandler                   0x080002cb   Thumb Code     0  startup_stm32h750xx.o(.text)
    HRTIM1_TIMC_IRQHandler                   0x080002cb   Thumb Code     0  startup_stm32h750xx.o(.text)
    HRTIM1_TIMD_IRQHandler                   0x080002cb   Thumb Code     0  startup_stm32h750xx.o(.text)
    HRTIM1_TIME_IRQHandler                   0x080002cb   Thumb Code     0  startup_stm32h750xx.o(.text)
    HSEM1_IRQHandler                         0x080002cb   Thumb Code     0  startup_stm32h750xx.o(.text)
    I2C1_ER_IRQHandler                       0x080002cb   Thumb Code     0  startup_stm32h750xx.o(.text)
    I2C1_EV_IRQHandler                       0x080002cb   Thumb Code     0  startup_stm32h750xx.o(.text)
    I2C2_ER_IRQHandler                       0x080002cb   Thumb Code     0  startup_stm32h750xx.o(.text)
    I2C2_EV_IRQHandler                       0x080002cb   Thumb Code     0  startup_stm32h750xx.o(.text)
    I2C3_ER_IRQHandler                       0x080002cb   Thumb Code     0  startup_stm32h750xx.o(.text)
    I2C3_EV_IRQHandler                       0x080002cb   Thumb Code     0  startup_stm32h750xx.o(.text)
    I2C4_ER_IRQHandler                       0x080002cb   Thumb Code     0  startup_stm32h750xx.o(.text)
    I2C4_EV_IRQHandler                       0x080002cb   Thumb Code     0  startup_stm32h750xx.o(.text)
    JPEG_IRQHandler                          0x080002cb   Thumb Code     0  startup_stm32h750xx.o(.text)
    LPTIM1_IRQHandler                        0x080002cb   Thumb Code     0  startup_stm32h750xx.o(.text)
    LPTIM2_IRQHandler                        0x080002cb   Thumb Code     0  startup_stm32h750xx.o(.text)
    LPTIM3_IRQHandler                        0x080002cb   Thumb Code     0  startup_stm32h750xx.o(.text)
    LPTIM4_IRQHandler                        0x080002cb   Thumb Code     0  startup_stm32h750xx.o(.text)
    LPTIM5_IRQHandler                        0x080002cb   Thumb Code     0  startup_stm32h750xx.o(.text)
    LPUART1_IRQHandler                       0x080002cb   Thumb Code     0  startup_stm32h750xx.o(.text)
    LTDC_ER_IRQHandler                       0x080002cb   Thumb Code     0  startup_stm32h750xx.o(.text)
    LTDC_IRQHandler                          0x080002cb   Thumb Code     0  startup_stm32h750xx.o(.text)
    MDIOS_IRQHandler                         0x080002cb   Thumb Code     0  startup_stm32h750xx.o(.text)
    MDIOS_WKUP_IRQHandler                    0x080002cb   Thumb Code     0  startup_stm32h750xx.o(.text)
    MDMA_IRQHandler                          0x080002cb   Thumb Code     0  startup_stm32h750xx.o(.text)
    OTG_FS_EP1_IN_IRQHandler                 0x080002cb   Thumb Code     0  startup_stm32h750xx.o(.text)
    OTG_FS_EP1_OUT_IRQHandler                0x080002cb   Thumb Code     0  startup_stm32h750xx.o(.text)
    OTG_FS_IRQHandler                        0x080002cb   Thumb Code     0  startup_stm32h750xx.o(.text)
    OTG_FS_WKUP_IRQHandler                   0x080002cb   Thumb Code     0  startup_stm32h750xx.o(.text)
    OTG_HS_EP1_IN_IRQHandler                 0x080002cb   Thumb Code     0  startup_stm32h750xx.o(.text)
    OTG_HS_EP1_OUT_IRQHandler                0x080002cb   Thumb Code     0  startup_stm32h750xx.o(.text)
    OTG_HS_IRQHandler                        0x080002cb   Thumb Code     0  startup_stm32h750xx.o(.text)
    OTG_HS_WKUP_IRQHandler                   0x080002cb   Thumb Code     0  startup_stm32h750xx.o(.text)
    PVD_AVD_IRQHandler                       0x080002cb   Thumb Code     0  startup_stm32h750xx.o(.text)
    QUADSPI_IRQHandler                       0x080002cb   Thumb Code     0  startup_stm32h750xx.o(.text)
    RCC_IRQHandler                           0x080002cb   Thumb Code     0  startup_stm32h750xx.o(.text)
    RTC_Alarm_IRQHandler                     0x080002cb   Thumb Code     0  startup_stm32h750xx.o(.text)
    RTC_WKUP_IRQHandler                      0x080002cb   Thumb Code     0  startup_stm32h750xx.o(.text)
    SAI1_IRQHandler                          0x080002cb   Thumb Code     0  startup_stm32h750xx.o(.text)
    SAI2_IRQHandler                          0x080002cb   Thumb Code     0  startup_stm32h750xx.o(.text)
    SAI3_IRQHandler                          0x080002cb   Thumb Code     0  startup_stm32h750xx.o(.text)
    SAI4_IRQHandler                          0x080002cb   Thumb Code     0  startup_stm32h750xx.o(.text)
    SDMMC1_IRQHandler                        0x080002cb   Thumb Code     0  startup_stm32h750xx.o(.text)
    SDMMC2_IRQHandler                        0x080002cb   Thumb Code     0  startup_stm32h750xx.o(.text)
    SPDIF_RX_IRQHandler                      0x080002cb   Thumb Code     0  startup_stm32h750xx.o(.text)
    SPI1_IRQHandler                          0x080002cb   Thumb Code     0  startup_stm32h750xx.o(.text)
    SPI2_IRQHandler                          0x080002cb   Thumb Code     0  startup_stm32h750xx.o(.text)
    SPI3_IRQHandler                          0x080002cb   Thumb Code     0  startup_stm32h750xx.o(.text)
    SPI4_IRQHandler                          0x080002cb   Thumb Code     0  startup_stm32h750xx.o(.text)
    SPI5_IRQHandler                          0x080002cb   Thumb Code     0  startup_stm32h750xx.o(.text)
    SPI6_IRQHandler                          0x080002cb   Thumb Code     0  startup_stm32h750xx.o(.text)
    SWPMI1_IRQHandler                        0x080002cb   Thumb Code     0  startup_stm32h750xx.o(.text)
    TAMP_STAMP_IRQHandler                    0x080002cb   Thumb Code     0  startup_stm32h750xx.o(.text)
    TIM15_IRQHandler                         0x080002cb   Thumb Code     0  startup_stm32h750xx.o(.text)
    TIM16_IRQHandler                         0x080002cb   Thumb Code     0  startup_stm32h750xx.o(.text)
    TIM17_IRQHandler                         0x080002cb   Thumb Code     0  startup_stm32h750xx.o(.text)
    TIM1_BRK_IRQHandler                      0x080002cb   Thumb Code     0  startup_stm32h750xx.o(.text)
    TIM1_CC_IRQHandler                       0x080002cb   Thumb Code     0  startup_stm32h750xx.o(.text)
    TIM1_TRG_COM_IRQHandler                  0x080002cb   Thumb Code     0  startup_stm32h750xx.o(.text)
    TIM1_UP_IRQHandler                       0x080002cb   Thumb Code     0  startup_stm32h750xx.o(.text)
    TIM2_IRQHandler                          0x080002cb   Thumb Code     0  startup_stm32h750xx.o(.text)
    TIM3_IRQHandler                          0x080002cb   Thumb Code     0  startup_stm32h750xx.o(.text)
    TIM4_IRQHandler                          0x080002cb   Thumb Code     0  startup_stm32h750xx.o(.text)
    TIM5_IRQHandler                          0x080002cb   Thumb Code     0  startup_stm32h750xx.o(.text)
    TIM6_DAC_IRQHandler                      0x080002cb   Thumb Code     0  startup_stm32h750xx.o(.text)
    TIM7_IRQHandler                          0x080002cb   Thumb Code     0  startup_stm32h750xx.o(.text)
    TIM8_BRK_TIM12_IRQHandler                0x080002cb   Thumb Code     0  startup_stm32h750xx.o(.text)
    TIM8_CC_IRQHandler                       0x080002cb   Thumb Code     0  startup_stm32h750xx.o(.text)
    TIM8_TRG_COM_TIM14_IRQHandler            0x080002cb   Thumb Code     0  startup_stm32h750xx.o(.text)
    TIM8_UP_TIM13_IRQHandler                 0x080002cb   Thumb Code     0  startup_stm32h750xx.o(.text)
    UART7_IRQHandler                         0x080002cb   Thumb Code     0  startup_stm32h750xx.o(.text)
    USART1_IRQHandler                        0x080002cb   Thumb Code     0  startup_stm32h750xx.o(.text)
    USART3_IRQHandler                        0x080002cb   Thumb Code     0  startup_stm32h750xx.o(.text)
    USART6_IRQHandler                        0x080002cb   Thumb Code     0  startup_stm32h750xx.o(.text)
    WAKEUP_PIN_IRQHandler                    0x080002cb   Thumb Code     0  startup_stm32h750xx.o(.text)
    WWDG_IRQHandler                          0x080002cb   Thumb Code     0  startup_stm32h750xx.o(.text)
    __aeabi_uldivmod                         0x080002d9   Thumb Code    98  uldiv.o(.text)
    __aeabi_memset                           0x0800033b   Thumb Code    14  memseta.o(.text)
    __aeabi_memset4                          0x0800033b   Thumb Code     0  memseta.o(.text)
    __aeabi_memset8                          0x0800033b   Thumb Code     0  memseta.o(.text)
    __aeabi_memclr                           0x08000349   Thumb Code     4  memseta.o(.text)
    __aeabi_memclr4                          0x08000349   Thumb Code     0  memseta.o(.text)
    __aeabi_memclr8                          0x08000349   Thumb Code     0  memseta.o(.text)
    _memset$wrapper                          0x0800034d   Thumb Code    18  memseta.o(.text)
    atoi                                     0x0800035f   Thumb Code    26  atoi.o(.text)
    __aeabi_llsl                             0x08000379   Thumb Code    30  llshl.o(.text)
    _ll_shift_l                              0x08000379   Thumb Code     0  llshl.o(.text)
    __aeabi_llsr                             0x08000397   Thumb Code    32  llushr.o(.text)
    _ll_ushift_r                             0x08000397   Thumb Code     0  llushr.o(.text)
    strtol                                   0x080003b7   Thumb Code   112  strtol.o(.text)
    __I$use$fp                               0x08000427   Thumb Code     0  iusefp.o(.text)
    __scatterload                            0x08000429   Thumb Code    38  init.o(.text)
    __scatterload_rt2                        0x08000429   Thumb Code     0  init.o(.text)
    __rt_ctype_table                         0x08000459   Thumb Code     4  ctype_o.o(.text)
    _strtoul                                 0x08000461   Thumb Code   158  _strtoul.o(.text)
    _chval                                   0x080004ff   Thumb Code    28  _chval.o(.text)
    BusFault_Handler                         0x08000521   Thumb Code     2  stm32h7xx_it.o(.text.BusFault_Handler)
    DebugMon_Handler                         0x08000529   Thumb Code     2  stm32h7xx_it.o(.text.DebugMon_Handler)
    Error_Handler                            0x08000531   Thumb Code    10  main.o(.text.Error_Handler)
    ExitRun0Mode                             0x08000541   Thumb Code    44  system_stm32h7xx.o(.text.ExitRun0Mode)
    HAL_DMA_Abort                            0x08000571   Thumb Code  1318  stm32h7xx_hal_dma.o(.text.HAL_DMA_Abort)
    HAL_DMA_Abort_IT                         0x08000a99   Thumb Code   694  stm32h7xx_hal_dma.o(.text.HAL_DMA_Abort_IT)
    HAL_Delay                                0x08000d51   Thumb Code    40  stm32h7xx_hal.o(.text.HAL_Delay)
    HAL_GPIO_Init                            0x08000d79   Thumb Code   422  stm32h7xx_hal_gpio.o(.text.HAL_GPIO_Init)
    HAL_GPIO_WritePin                        0x08000f21   Thumb Code    10  stm32h7xx_hal_gpio.o(.text.HAL_GPIO_WritePin)
    HAL_GetREVID                             0x08000f31   Thumb Code    14  stm32h7xx_hal.o(.text.HAL_GetREVID)
    HAL_GetTick                              0x08000f41   Thumb Code    12  stm32h7xx_hal.o(.text.HAL_GetTick)
    HAL_IncTick                              0x08000f51   Thumb Code    26  stm32h7xx_hal.o(.text.HAL_IncTick)
    HAL_Init                                 0x08000f71   Thumb Code   100  stm32h7xx_hal.o(.text.HAL_Init)
    HAL_InitTick                             0x08000fd9   Thumb Code    80  stm32h7xx_hal.o(.text.HAL_InitTick)
    HAL_MspInit                              0x08001029   Thumb Code    32  stm32h7xx_hal_msp.o(.text.HAL_MspInit)
    HAL_NVIC_EnableIRQ                       0x08001049   Thumb Code    34  stm32h7xx_hal_cortex.o(.text.HAL_NVIC_EnableIRQ)
    HAL_NVIC_SetPriority                     0x08001071   Thumb Code    90  stm32h7xx_hal_cortex.o(.text.HAL_NVIC_SetPriority)
    HAL_NVIC_SetPriorityGrouping             0x080010d1   Thumb Code    32  stm32h7xx_hal_cortex.o(.text.HAL_NVIC_SetPriorityGrouping)
    HAL_PWREx_ConfigSupply                   0x080010f1   Thumb Code    76  stm32h7xx_hal_pwr_ex.o(.text.HAL_PWREx_ConfigSupply)
    HAL_RCCEx_GetD3PCLK1Freq                 0x08001141   Thumb Code    38  stm32h7xx_hal_rcc_ex.o(.text.HAL_RCCEx_GetD3PCLK1Freq)
    HAL_RCCEx_GetPLL2ClockFreq               0x08001169   Thumb Code   280  stm32h7xx_hal_rcc_ex.o(.text.HAL_RCCEx_GetPLL2ClockFreq)
    HAL_RCCEx_GetPLL3ClockFreq               0x08001291   Thumb Code   280  stm32h7xx_hal_rcc_ex.o(.text.HAL_RCCEx_GetPLL3ClockFreq)
    HAL_RCCEx_PeriphCLKConfig                0x080013b9   Thumb Code  2828  stm32h7xx_hal_rcc_ex.o(.text.HAL_RCCEx_PeriphCLKConfig)
    HAL_RCC_ClockConfig                      0x08001ec9   Thumb Code   596  stm32h7xx_hal_rcc.o(.text.HAL_RCC_ClockConfig)
    HAL_RCC_GetHCLKFreq                      0x08002121   Thumb Code    76  stm32h7xx_hal_rcc.o(.text.HAL_RCC_GetHCLKFreq)
    HAL_RCC_GetPCLK1Freq                     0x08002171   Thumb Code    96  stm32h7xx_hal_rcc.o(.text.HAL_RCC_GetPCLK1Freq)
    HAL_RCC_GetPCLK2Freq                     0x080021d1   Thumb Code    96  stm32h7xx_hal_rcc.o(.text.HAL_RCC_GetPCLK2Freq)
    HAL_RCC_GetSysClockFreq                  0x08002231   Thumb Code   264  stm32h7xx_hal_rcc.o(.text.HAL_RCC_GetSysClockFreq)
    HAL_RCC_OscConfig                        0x08002351   Thumb Code  1388  stm32h7xx_hal_rcc.o(.text.HAL_RCC_OscConfig)
    HAL_SYSTICK_Config                       0x080028c1   Thumb Code    46  stm32h7xx_hal_cortex.o(.text.HAL_SYSTICK_Config)
    HAL_TIMEx_MasterConfigSynchronization    0x080028f1   Thumb Code   206  stm32h7xx_hal_tim_ex.o(.text.HAL_TIMEx_MasterConfigSynchronization)
    HAL_TIM_Base_Init                        0x080029c1   Thumb Code    96  stm32h7xx_hal_tim.o(.text.HAL_TIM_Base_Init)
    HAL_TIM_Base_MspInit                     0x08002a21   Thumb Code    90  tim.o(.text.HAL_TIM_Base_MspInit)
    HAL_TIM_ConfigClockSource                0x08002a81   Thumb Code   512  stm32h7xx_hal_tim.o(.text.HAL_TIM_ConfigClockSource)
    HAL_UARTEx_DisableFifoMode               0x08002c81   Thumb Code    54  stm32h7xx_hal_uart_ex.o(.text.HAL_UARTEx_DisableFifoMode)
    HAL_UARTEx_RxEventCallback               0x08002cb9   Thumb Code     2  stm32h7xx_hal_uart.o(.text.HAL_UARTEx_RxEventCallback)
    HAL_UARTEx_RxFifoFullCallback            0x08002cc1   Thumb Code     2  stm32h7xx_hal_uart_ex.o(.text.HAL_UARTEx_RxFifoFullCallback)
    HAL_UARTEx_SetRxFifoThreshold            0x08002cc9   Thumb Code   140  stm32h7xx_hal_uart_ex.o(.text.HAL_UARTEx_SetRxFifoThreshold)
    HAL_UARTEx_SetTxFifoThreshold            0x08002d59   Thumb Code   140  stm32h7xx_hal_uart_ex.o(.text.HAL_UARTEx_SetTxFifoThreshold)
    HAL_UARTEx_TxFifoEmptyCallback           0x08002de9   Thumb Code     2  stm32h7xx_hal_uart_ex.o(.text.HAL_UARTEx_TxFifoEmptyCallback)
    HAL_UARTEx_WakeupCallback                0x08002df1   Thumb Code     2  stm32h7xx_hal_uart_ex.o(.text.HAL_UARTEx_WakeupCallback)
    HAL_UART_ErrorCallback                   0x08002df9   Thumb Code    46  main.o(.text.HAL_UART_ErrorCallback)
    HAL_UART_IRQHandler                      0x08002e29   Thumb Code  1674  stm32h7xx_hal_uart.o(.text.HAL_UART_IRQHandler)
    HAL_UART_Init                            0x080034b9   Thumb Code   100  stm32h7xx_hal_uart.o(.text.HAL_UART_Init)
    HAL_UART_MspInit                         0x08003521   Thumb Code   458  usart.o(.text.HAL_UART_MspInit)
    HAL_UART_Receive_IT                      0x080036f1   Thumb Code   172  stm32h7xx_hal_uart.o(.text.HAL_UART_Receive_IT)
    HAL_UART_RxCpltCallback                  0x080037a1   Thumb Code    64  main.o(.text.HAL_UART_RxCpltCallback)
    HAL_UART_Transmit                        0x080037e1   Thumb Code   426  stm32h7xx_hal_uart.o(.text.HAL_UART_Transmit)
    HAL_UART_TxCpltCallback                  0x08003991   Thumb Code     2  stm32h7xx_hal_uart.o(.text.HAL_UART_TxCpltCallback)
    HardFault_Handler                        0x08003999   Thumb Code     2  stm32h7xx_it.o(.text.HardFault_Handler)
    MX_GPIO_Init                             0x080039a1   Thumb Code   158  gpio.o(.text.MX_GPIO_Init)
    MX_TIM3_Init                             0x08003a41   Thumb Code   116  tim.o(.text.MX_TIM3_Init)
    MX_TIM4_Init                             0x08003ab9   Thumb Code   116  tim.o(.text.MX_TIM4_Init)
    MX_UART4_Init                            0x08003b31   Thumb Code   124  usart.o(.text.MX_UART4_Init)
    MX_UART5_Init                            0x08003bb1   Thumb Code   124  usart.o(.text.MX_UART5_Init)
    MX_UART8_Init                            0x08003c31   Thumb Code   124  usart.o(.text.MX_UART8_Init)
    MX_USART2_UART_Init                      0x08003cb1   Thumb Code   124  usart.o(.text.MX_USART2_UART_Init)
    MemManage_Handler                        0x08003d31   Thumb Code     2  stm32h7xx_it.o(.text.MemManage_Handler)
    NMI_Handler                              0x08003d39   Thumb Code     2  stm32h7xx_it.o(.text.NMI_Handler)
    PendSV_Handler                           0x08003d41   Thumb Code     2  stm32h7xx_it.o(.text.PendSV_Handler)
    SF                                       0x08003f99   Thumb Code   576  fun.o(.text.SF)
    SVC_Handler                              0x08004249   Thumb Code     2  stm32h7xx_it.o(.text.SVC_Handler)
    SysTick_Handler                          0x08004251   Thumb Code     4  stm32h7xx_it.o(.text.SysTick_Handler)
    SystemClock_Config                       0x08004259   Thumb Code   228  main.o(.text.SystemClock_Config)
    SystemInit                               0x08004341   Thumb Code   238  system_stm32h7xx.o(.text.SystemInit)
    TIM_Base_SetConfig                       0x08004431   Thumb Code   334  stm32h7xx_hal_tim.o(.text.TIM_Base_SetConfig)
    UART4_IRQHandler                         0x08004581   Thumb Code    12  stm32h7xx_it.o(.text.UART4_IRQHandler)
    UART5_IRQHandler                         0x08004591   Thumb Code    12  stm32h7xx_it.o(.text.UART5_IRQHandler)
    UART8_IRQHandler                         0x080045a1   Thumb Code    12  stm32h7xx_it.o(.text.UART8_IRQHandler)
    UART_AdvFeatureConfig                    0x080045b1   Thumb Code   224  stm32h7xx_hal_uart.o(.text.UART_AdvFeatureConfig)
    UART_CheckIdleState                      0x08004691   Thumb Code   366  stm32h7xx_hal_uart.o(.text.UART_CheckIdleState)
    UART_SetConfig                           0x08005221   Thumb Code  1152  stm32h7xx_hal_uart.o(.text.UART_SetConfig)
    UART_Start_Receive_IT                    0x080056a9   Thumb Code   628  stm32h7xx_hal_uart.o(.text.UART_Start_Receive_IT)
    UART_WaitOnFlagUntilTimeout              0x08005921   Thumb Code   856  stm32h7xx_hal_uart.o(.text.UART_WaitOnFlagUntilTimeout)
    USART2_IRQHandler                        0x08005c79   Thumb Code    12  stm32h7xx_it.o(.text.USART2_IRQHandler)
    UsageFault_Handler                       0x08005c89   Thumb Code     2  stm32h7xx_it.o(.text.UsageFault_Handler)
    fputc                                    0x08005c91   Thumb Code    32  main.o(.text.fputc)
    initRingBuffer                           0x08005cb1   Thumb Code    16  tjc_usart_hmi.o(.text.initRingBuffer)
    jxb_catchwire1                           0x08005cc1   Thumb Code   712  fun.o(.text.jxb_catchwire1)
    jxb_catchwire2                           0x08005f89   Thumb Code   326  fun.o(.text.jxb_catchwire2)
    main                                     0x080060d1   Thumb Code   198  main.o(.text.main)
    process_data                             0x08006199   Thumb Code   188  fun.o(.text.process_data)
    __0printf$8                              0x080062d9   Thumb Code    22  printf8.o(i.__0printf$8)
    __1printf$8                              0x080062d9   Thumb Code     0  printf8.o(i.__0printf$8)
    __2printf                                0x080062d9   Thumb Code     0  printf8.o(i.__0printf$8)
    __0sprintf$8                             0x080062f9   Thumb Code    34  printf8.o(i.__0sprintf$8)
    __1sprintf$8                             0x080062f9   Thumb Code     0  printf8.o(i.__0sprintf$8)
    __2sprintf                               0x080062f9   Thumb Code     0  printf8.o(i.__0sprintf$8)
    __ARM_fpclassify                         0x08006321   Thumb Code    48  fpclassify.o(i.__ARM_fpclassify)
    __aeabi_errno_addr                       0x08006351   Thumb Code     4  errno.o(i.__aeabi_errno_addr)
    __rt_errno_addr                          0x08006351   Thumb Code     0  errno.o(i.__aeabi_errno_addr)
    __hardfp_acos                            0x08006359   Thumb Code   422  acos.o(i.__hardfp_acos)
    __hardfp_atan                            0x08006559   Thumb Code   402  atan.o(i.__hardfp_atan)
    __kernel_poly                            0x0800672d   Thumb Code   112  poly.o(i.__kernel_poly)
    __mathlib_dbl_infnan                     0x0800679d   Thumb Code     6  dunder.o(i.__mathlib_dbl_infnan)
    __mathlib_dbl_invalid                    0x080067a9   Thumb Code    10  dunder.o(i.__mathlib_dbl_invalid)
    __mathlib_dbl_underflow                  0x080067c1   Thumb Code    10  dunder.o(i.__mathlib_dbl_underflow)
    __scatterload_copy                       0x080067d9   Thumb Code    14  handlers.o(i.__scatterload_copy)
    __scatterload_null                       0x080067e7   Thumb Code     2  handlers.o(i.__scatterload_null)
    __scatterload_zeroinit                   0x080067e9   Thumb Code    14  handlers.o(i.__scatterload_zeroinit)
    __set_errno                              0x080067f9   Thumb Code     6  errno.o(i.__set_errno)
    fabs                                     0x08006c71   Thumb Code    24  fabs.o(i.fabs)
    sqrt                                     0x08006c89   Thumb Code   106  sqrt.o(i.sqrt)
    __ctype_table                            0x08006de0   Data         129  ctype_o.o(.constdata)
    D1CorePrescTable                         0x08006e74   Data          16  system_stm32h7xx.o(.rodata.D1CorePrescTable)
    UARTPrescTable                           0x08006e84   Data          24  stm32h7xx_hal_uart.o(.rodata.UARTPrescTable)
    Region$$Table$$Base                      0x08006efc   Number         0  anon$$obj.o(Region$$Table)
    Region$$Table$$Limit                     0x08006f1c   Number         0  anon$$obj.o(Region$$Table)
    __stdout                                 0x24000000   Data           4  stdout.o(.data)
    uwTickFreq                               0x24000008   Data           1  stm32h7xx_hal.o(.data..L_MergedGlobals)
    uwTickPrio                               0x2400000c   Data           4  stm32h7xx_hal.o(.data..L_MergedGlobals)
    SystemCoreClock                          0x24000010   Data           4  system_stm32h7xx.o(.data..L_MergedGlobals)
    SystemD2Clock                            0x24000014   Data           4  system_stm32h7xx.o(.data..L_MergedGlobals)
    rec_flag                                 0x24000018   Data           1  main.o(.bss..L_MergedGlobals)
    rec_data                                 0x24000019   Data           1  main.o(.bss..L_MergedGlobals)
    rec_buff                                 0x2400001a   Data           7  main.o(.bss..L_MergedGlobals)
    temp                                     0x24000028   Data           8  main.o(.bss..L_MergedGlobals)
    RxBuffer                                 0x24000030   Data           1  tjc_usart_hmi.o(.bss.RxBuffer)
    djjd                                     0x24000038   Data          56  fun.o(.bss.djjd)
    htim3                                    0x24000070   Data          76  tim.o(.bss.htim3)
    htim4                                    0x240000bc   Data          76  tim.o(.bss.htim4)
    huart2                                   0x24000108   Data         148  usart.o(.bss.huart2)
    huart4                                   0x2400019c   Data         148  usart.o(.bss.huart4)
    huart5                                   0x24000230   Data         148  usart.o(.bss.huart5)
    huart8                                   0x240002c4   Data         148  usart.o(.bss.huart8)
    ringBuffer                               0x24000358   Data         506  tjc_usart_hmi.o(.bss.ringBuffer)
    uwTick                                   0x24000554   Data           4  stm32h7xx_hal.o(.bss.uwTick)
    __initial_sp                             0x24000958   Data           0  startup_stm32h750xx.o(STACK)



==============================================================================

Memory Map of the image

  Image Entry point : 0x08000299

  Load Region LR_IROM1 (Base: 0x08000000, Size: 0x00006f38, Max: 0x00020000, ABSOLUTE)

    Execution Region ER_IROM1 (Exec base: 0x08000000, Load base: 0x08000000, Size: 0x00006f1c, Max: 0x00020000, ABSOLUTE)

    Exec Addr    Load Addr    Size         Type   Attr      Idx    E Section Name        Object

    0x08000000   0x08000000   0x00000298   Data   RO            3    RESET               startup_stm32h750xx.o
    0x08000298   0x08000298   0x00000000   Code   RO         1555  * .ARM.Collect$$$$00000000  mc_w.l(entry.o)
    0x08000298   0x08000298   0x00000004   Code   RO         1855    .ARM.Collect$$$$00000001  mc_w.l(entry2.o)
    0x0800029c   0x0800029c   0x00000004   Code   RO         1858    .ARM.Collect$$$$00000004  mc_w.l(entry5.o)
    0x080002a0   0x080002a0   0x00000000   Code   RO         1860    .ARM.Collect$$$$00000008  mc_w.l(entry7b.o)
    0x080002a0   0x080002a0   0x00000000   Code   RO         1862    .ARM.Collect$$$$0000000A  mc_w.l(entry8b.o)
    0x080002a0   0x080002a0   0x00000008   Code   RO         1863    .ARM.Collect$$$$0000000B  mc_w.l(entry9a.o)
    0x080002a8   0x080002a8   0x00000000   Code   RO         1865    .ARM.Collect$$$$0000000D  mc_w.l(entry10a.o)
    0x080002a8   0x080002a8   0x00000000   Code   RO         1867    .ARM.Collect$$$$0000000F  mc_w.l(entry11a.o)
    0x080002a8   0x080002a8   0x00000004   Code   RO         1856    .ARM.Collect$$$$00002712  mc_w.l(entry2.o)
    0x080002ac   0x080002ac   0x0000002c   Code   RO            4    .text               startup_stm32h750xx.o
    0x080002d8   0x080002d8   0x00000062   Code   RO         1558    .text               mc_w.l(uldiv.o)
    0x0800033a   0x0800033a   0x00000024   Code   RO         1560    .text               mc_w.l(memseta.o)
    0x0800035e   0x0800035e   0x0000001a   Code   RO         1823    .text               mc_w.l(atoi.o)
    0x08000378   0x08000378   0x0000001e   Code   RO         1881    .text               mc_w.l(llshl.o)
    0x08000396   0x08000396   0x00000020   Code   RO         1883    .text               mc_w.l(llushr.o)
    0x080003b6   0x080003b6   0x00000070   Code   RO         1892    .text               mc_w.l(strtol.o)
    0x08000426   0x08000426   0x00000000   Code   RO         1894    .text               mc_w.l(iusefp.o)
    0x08000426   0x08000426   0x00000002   PAD
    0x08000428   0x08000428   0x00000030   Code   RO         1905    .text               mc_w.l(init.o)
    0x08000458   0x08000458   0x00000008   Code   RO         1909    .text               mc_w.l(ctype_o.o)
    0x08000460   0x08000460   0x0000009e   Code   RO         1937    .text               mc_w.l(_strtoul.o)
    0x080004fe   0x080004fe   0x0000001c   Code   RO         1941    .text               mc_w.l(_chval.o)
    0x0800051a   0x0800051a   0x00000006   PAD
    0x08000520   0x08000520   0x00000002   Code   RO           93    .text.BusFault_Handler  stm32h7xx_it.o
    0x08000522   0x08000522   0x00000006   PAD
    0x08000528   0x08000528   0x00000002   Code   RO           99    .text.DebugMon_Handler  stm32h7xx_it.o
    0x0800052a   0x0800052a   0x00000006   PAD
    0x08000530   0x08000530   0x0000000a   Code   RO           15    .text.Error_Handler  main.o
    0x0800053a   0x0800053a   0x00000006   PAD
    0x08000540   0x08000540   0x0000002c   Code   RO         1456    .text.ExitRun0Mode  system_stm32h7xx.o
    0x0800056c   0x0800056c   0x00000004   PAD
    0x08000570   0x08000570   0x00000526   Code   RO          407    .text.HAL_DMA_Abort  stm32h7xx_hal_dma.o
    0x08000a96   0x08000a96   0x00000002   PAD
    0x08000a98   0x08000a98   0x000002b6   Code   RO          409    .text.HAL_DMA_Abort_IT  stm32h7xx_hal_dma.o
    0x08000d4e   0x08000d4e   0x00000002   PAD
    0x08000d50   0x08000d50   0x00000028   Code   RO          653    .text.HAL_Delay     stm32h7xx_hal.o
    0x08000d78   0x08000d78   0x000001a6   Code   RO          341    .text.HAL_GPIO_Init  stm32h7xx_hal_gpio.o
    0x08000f1e   0x08000f1e   0x00000002   PAD
    0x08000f20   0x08000f20   0x0000000a   Code   RO          347    .text.HAL_GPIO_WritePin  stm32h7xx_hal_gpio.o
    0x08000f2a   0x08000f2a   0x00000006   PAD
    0x08000f30   0x08000f30   0x0000000e   Code   RO          661    .text.HAL_GetREVID  stm32h7xx_hal.o
    0x08000f3e   0x08000f3e   0x00000002   PAD
    0x08000f40   0x08000f40   0x0000000c   Code   RO          645    .text.HAL_GetTick   stm32h7xx_hal.o
    0x08000f4c   0x08000f4c   0x00000004   PAD
    0x08000f50   0x08000f50   0x0000001a   Code   RO          643    .text.HAL_IncTick   stm32h7xx_hal.o
    0x08000f6a   0x08000f6a   0x00000006   PAD
    0x08000f70   0x08000f70   0x00000064   Code   RO          633    .text.HAL_Init      stm32h7xx_hal.o
    0x08000fd4   0x08000fd4   0x00000004   PAD
    0x08000fd8   0x08000fd8   0x00000050   Code   RO          635    .text.HAL_InitTick  stm32h7xx_hal.o
    0x08001028   0x08001028   0x00000020   Code   RO          120    .text.HAL_MspInit   stm32h7xx_hal_msp.o
    0x08001048   0x08001048   0x00000022   Code   RO          132    .text.HAL_NVIC_EnableIRQ  stm32h7xx_hal_cortex.o
    0x0800106a   0x0800106a   0x00000006   PAD
    0x08001070   0x08001070   0x0000005a   Code   RO          130    .text.HAL_NVIC_SetPriority  stm32h7xx_hal_cortex.o
    0x080010ca   0x080010ca   0x00000006   PAD
    0x080010d0   0x080010d0   0x00000020   Code   RO          128    .text.HAL_NVIC_SetPriorityGrouping  stm32h7xx_hal_cortex.o
    0x080010f0   0x080010f0   0x0000004c   Code   RO          545    .text.HAL_PWREx_ConfigSupply  stm32h7xx_hal_pwr_ex.o
    0x0800113c   0x0800113c   0x00000004   PAD
    0x08001140   0x08001140   0x00000026   Code   RO          232    .text.HAL_RCCEx_GetD3PCLK1Freq  stm32h7xx_hal_rcc_ex.o
    0x08001166   0x08001166   0x00000002   PAD
    0x08001168   0x08001168   0x00000128   Code   RO          228    .text.HAL_RCCEx_GetPLL2ClockFreq  stm32h7xx_hal_rcc_ex.o
    0x08001290   0x08001290   0x00000128   Code   RO          230    .text.HAL_RCCEx_GetPLL3ClockFreq  stm32h7xx_hal_rcc_ex.o
    0x080013b8   0x080013b8   0x00000b0c   Code   RO          216    .text.HAL_RCCEx_PeriphCLKConfig  stm32h7xx_hal_rcc_ex.o
    0x08001ec4   0x08001ec4   0x00000004   PAD
    0x08001ec8   0x08001ec8   0x00000254   Code   RO          184    .text.HAL_RCC_ClockConfig  stm32h7xx_hal_rcc.o
    0x0800211c   0x0800211c   0x00000004   PAD
    0x08002120   0x08002120   0x0000004c   Code   RO          194    .text.HAL_RCC_GetHCLKFreq  stm32h7xx_hal_rcc.o
    0x0800216c   0x0800216c   0x00000004   PAD
    0x08002170   0x08002170   0x00000060   Code   RO          196    .text.HAL_RCC_GetPCLK1Freq  stm32h7xx_hal_rcc.o
    0x080021d0   0x080021d0   0x00000060   Code   RO          198    .text.HAL_RCC_GetPCLK2Freq  stm32h7xx_hal_rcc.o
    0x08002230   0x08002230   0x0000011c   Code   RO          186    .text.HAL_RCC_GetSysClockFreq  stm32h7xx_hal_rcc.o
    0x0800234c   0x0800234c   0x00000004   PAD
    0x08002350   0x08002350   0x0000056c   Code   RO          182    .text.HAL_RCC_OscConfig  stm32h7xx_hal_rcc.o
    0x080028bc   0x080028bc   0x00000004   PAD
    0x080028c0   0x080028c0   0x0000002e   Code   RO          140    .text.HAL_SYSTICK_Config  stm32h7xx_hal_cortex.o
    0x080028ee   0x080028ee   0x00000002   PAD
    0x080028f0   0x080028f0   0x000000ce   Code   RO         1234    .text.HAL_TIMEx_MasterConfigSynchronization  stm32h7xx_hal_tim_ex.o
    0x080029be   0x080029be   0x00000002   PAD
    0x080029c0   0x080029c0   0x00000060   Code   RO          939    .text.HAL_TIM_Base_Init  stm32h7xx_hal_tim.o
    0x08002a20   0x08002a20   0x0000005a   Code   RO           49    .text.HAL_TIM_Base_MspInit  tim.o
    0x08002a7a   0x08002a7a   0x00000006   PAD
    0x08002a80   0x08002a80   0x00000200   Code   RO         1119    .text.HAL_TIM_ConfigClockSource  stm32h7xx_hal_tim.o
    0x08002c80   0x08002c80   0x00000036   Code   RO         1429    .text.HAL_UARTEx_DisableFifoMode  stm32h7xx_hal_uart_ex.o
    0x08002cb6   0x08002cb6   0x00000002   PAD
    0x08002cb8   0x08002cb8   0x00000002   Code   RO         1356    .text.HAL_UARTEx_RxEventCallback  stm32h7xx_hal_uart.o
    0x08002cba   0x08002cba   0x00000006   PAD
    0x08002cc0   0x08002cc0   0x00000002   Code   RO         1415    .text.HAL_UARTEx_RxFifoFullCallback  stm32h7xx_hal_uart_ex.o
    0x08002cc2   0x08002cc2   0x00000006   PAD
    0x08002cc8   0x08002cc8   0x0000008c   Code   RO         1433    .text.HAL_UARTEx_SetRxFifoThreshold  stm32h7xx_hal_uart_ex.o
    0x08002d54   0x08002d54   0x00000004   PAD
    0x08002d58   0x08002d58   0x0000008c   Code   RO         1431    .text.HAL_UARTEx_SetTxFifoThreshold  stm32h7xx_hal_uart_ex.o
    0x08002de4   0x08002de4   0x00000004   PAD
    0x08002de8   0x08002de8   0x00000002   Code   RO         1417    .text.HAL_UARTEx_TxFifoEmptyCallback  stm32h7xx_hal_uart_ex.o
    0x08002dea   0x08002dea   0x00000006   PAD
    0x08002df0   0x08002df0   0x00000002   Code   RO         1413    .text.HAL_UARTEx_WakeupCallback  stm32h7xx_hal_uart_ex.o
    0x08002df2   0x08002df2   0x00000006   PAD
    0x08002df8   0x08002df8   0x0000002e   Code   RO           19    .text.HAL_UART_ErrorCallback  main.o
    0x08002e26   0x08002e26   0x00000002   PAD
    0x08002e28   0x08002e28   0x0000068a   Code   RO         1350    .text.HAL_UART_IRQHandler  stm32h7xx_hal_uart.o
    0x080034b2   0x080034b2   0x00000006   PAD
    0x080034b8   0x080034b8   0x00000064   Code   RO         1266    .text.HAL_UART_Init  stm32h7xx_hal_uart.o
    0x0800351c   0x0800351c   0x00000004   PAD
    0x08003520   0x08003520   0x000001ca   Code   RO           71    .text.HAL_UART_MspInit  usart.o
    0x080036ea   0x080036ea   0x00000006   PAD
    0x080036f0   0x080036f0   0x000000ac   Code   RO         1302    .text.HAL_UART_Receive_IT  stm32h7xx_hal_uart.o
    0x0800379c   0x0800379c   0x00000004   PAD
    0x080037a0   0x080037a0   0x00000040   Code   RO           17    .text.HAL_UART_RxCpltCallback  main.o
    0x080037e0   0x080037e0   0x000001aa   Code   RO         1286    .text.HAL_UART_Transmit  stm32h7xx_hal_uart.o
    0x0800398a   0x0800398a   0x00000006   PAD
    0x08003990   0x08003990   0x00000002   Code   RO         1358    .text.HAL_UART_TxCpltCallback  stm32h7xx_hal_uart.o
    0x08003992   0x08003992   0x00000006   PAD
    0x08003998   0x08003998   0x00000002   Code   RO           89    .text.HardFault_Handler  stm32h7xx_it.o
    0x0800399a   0x0800399a   0x00000006   PAD
    0x080039a0   0x080039a0   0x0000009e   Code   RO           35    .text.MX_GPIO_Init  gpio.o
    0x08003a3e   0x08003a3e   0x00000002   PAD
    0x08003a40   0x08003a40   0x00000074   Code   RO           45    .text.MX_TIM3_Init  tim.o
    0x08003ab4   0x08003ab4   0x00000004   PAD
    0x08003ab8   0x08003ab8   0x00000074   Code   RO           47    .text.MX_TIM4_Init  tim.o
    0x08003b2c   0x08003b2c   0x00000004   PAD
    0x08003b30   0x08003b30   0x0000007c   Code   RO           63    .text.MX_UART4_Init  usart.o
    0x08003bac   0x08003bac   0x00000004   PAD
    0x08003bb0   0x08003bb0   0x0000007c   Code   RO           65    .text.MX_UART5_Init  usart.o
    0x08003c2c   0x08003c2c   0x00000004   PAD
    0x08003c30   0x08003c30   0x0000007c   Code   RO           67    .text.MX_UART8_Init  usart.o
    0x08003cac   0x08003cac   0x00000004   PAD
    0x08003cb0   0x08003cb0   0x0000007c   Code   RO           69    .text.MX_USART2_UART_Init  usart.o
    0x08003d2c   0x08003d2c   0x00000004   PAD
    0x08003d30   0x08003d30   0x00000002   Code   RO           91    .text.MemManage_Handler  stm32h7xx_it.o
    0x08003d32   0x08003d32   0x00000006   PAD
    0x08003d38   0x08003d38   0x00000002   Code   RO           87    .text.NMI_Handler   stm32h7xx_it.o
    0x08003d3a   0x08003d3a   0x00000006   PAD
    0x08003d40   0x08003d40   0x00000002   Code   RO          101    .text.PendSV_Handler  stm32h7xx_it.o
    0x08003d42   0x08003d42   0x00000006   PAD
    0x08003d48   0x08003d48   0x00000122   Code   RO          218    .text.RCCEx_PLL2_Config  stm32h7xx_hal_rcc_ex.o
    0x08003e6a   0x08003e6a   0x00000006   PAD
    0x08003e70   0x08003e70   0x00000122   Code   RO          220    .text.RCCEx_PLL3_Config  stm32h7xx_hal_rcc_ex.o
    0x08003f92   0x08003f92   0x00000006   PAD
    0x08003f98   0x08003f98   0x000002b0   Code   RO         1492    .text.SF            fun.o
    0x08004248   0x08004248   0x00000002   Code   RO           97    .text.SVC_Handler   stm32h7xx_it.o
    0x0800424a   0x0800424a   0x00000006   PAD
    0x08004250   0x08004250   0x00000004   Code   RO          103    .text.SysTick_Handler  stm32h7xx_it.o
    0x08004254   0x08004254   0x00000004   PAD
    0x08004258   0x08004258   0x000000e4   Code   RO           13    .text.SystemClock_Config  main.o
    0x0800433c   0x0800433c   0x00000004   PAD
    0x08004340   0x08004340   0x000000ee   Code   RO         1452    .text.SystemInit    system_stm32h7xx.o
    0x0800442e   0x0800442e   0x00000002   PAD
    0x08004430   0x08004430   0x0000014e   Code   RO          943    .text.TIM_Base_SetConfig  stm32h7xx_hal_tim.o
    0x0800457e   0x0800457e   0x00000002   PAD
    0x08004580   0x08004580   0x0000000c   Code   RO          107    .text.UART4_IRQHandler  stm32h7xx_it.o
    0x0800458c   0x0800458c   0x00000004   PAD
    0x08004590   0x08004590   0x0000000c   Code   RO          109    .text.UART5_IRQHandler  stm32h7xx_it.o
    0x0800459c   0x0800459c   0x00000004   PAD
    0x080045a0   0x080045a0   0x0000000c   Code   RO          111    .text.UART8_IRQHandler  stm32h7xx_it.o
    0x080045ac   0x080045ac   0x00000004   PAD
    0x080045b0   0x080045b0   0x000000e0   Code   RO         1270    .text.UART_AdvFeatureConfig  stm32h7xx_hal_uart.o
    0x08004690   0x08004690   0x0000016e   Code   RO         1274    .text.UART_CheckIdleState  stm32h7xx_hal_uart.o
    0x080047fe   0x080047fe   0x00000002   PAD
    0x08004800   0x08004800   0x0000000c   Code   RO         1352    .text.UART_DMAAbortOnError  stm32h7xx_hal_uart.o
    0x0800480c   0x0800480c   0x00000004   PAD
    0x08004810   0x08004810   0x000001c4   Code   RO         1392    .text.UART_RxISR_16BIT  stm32h7xx_hal_uart.o
    0x080049d4   0x080049d4   0x00000004   PAD
    0x080049d8   0x080049d8   0x0000033a   Code   RO         1388    .text.UART_RxISR_16BIT_FIFOEN  stm32h7xx_hal_uart.o
    0x08004d12   0x08004d12   0x00000006   PAD
    0x08004d18   0x08004d18   0x000001c8   Code   RO         1394    .text.UART_RxISR_8BIT  stm32h7xx_hal_uart.o
    0x08004ee0   0x08004ee0   0x0000033e   Code   RO         1390    .text.UART_RxISR_8BIT_FIFOEN  stm32h7xx_hal_uart.o
    0x0800521e   0x0800521e   0x00000002   PAD
    0x08005220   0x08005220   0x00000488   Code   RO         1272    .text.UART_SetConfig  stm32h7xx_hal_uart.o
    0x080056a8   0x080056a8   0x00000274   Code   RO         1304    .text.UART_Start_Receive_IT  stm32h7xx_hal_uart.o
    0x0800591c   0x0800591c   0x00000004   PAD
    0x08005920   0x08005920   0x00000358   Code   RO         1288    .text.UART_WaitOnFlagUntilTimeout  stm32h7xx_hal_uart.o
    0x08005c78   0x08005c78   0x0000000c   Code   RO          105    .text.USART2_IRQHandler  stm32h7xx_it.o
    0x08005c84   0x08005c84   0x00000004   PAD
    0x08005c88   0x08005c88   0x00000002   Code   RO           95    .text.UsageFault_Handler  stm32h7xx_it.o
    0x08005c8a   0x08005c8a   0x00000006   PAD
    0x08005c90   0x08005c90   0x00000020   Code   RO           21    .text.fputc         main.o
    0x08005cb0   0x08005cb0   0x00000010   Code   RO         1520    .text.initRingBuffer  tjc_usart_hmi.o
    0x08005cc0   0x08005cc0   0x000002c8   Code   RO         1486    .text.jxb_catchwire1  fun.o
    0x08005f88   0x08005f88   0x00000146   Code   RO         1488    .text.jxb_catchwire2  fun.o
    0x080060ce   0x080060ce   0x00000002   PAD
    0x080060d0   0x080060d0   0x000000c6   Code   RO           11    .text.main          main.o
    0x08006196   0x08006196   0x00000002   PAD
    0x08006198   0x08006198   0x00000140   Code   RO         1494    .text.process_data  fun.o
    0x080062d8   0x080062d8   0x00000020   Code   RO         1769    i.__0printf$8       mc_w.l(printf8.o)
    0x080062f8   0x080062f8   0x00000028   Code   RO         1771    i.__0sprintf$8      mc_w.l(printf8.o)
    0x08006320   0x08006320   0x00000030   Code   RO         1845    i.__ARM_fpclassify  m_wv.l(fpclassify.o)
    0x08006350   0x08006350   0x00000008   Code   RO         1885    i.__aeabi_errno_addr  mc_w.l(errno.o)
    0x08006358   0x08006358   0x00000200   Code   RO         1541    i.__hardfp_acos     m_wv.l(acos.o)
    0x08006558   0x08006558   0x000001d4   Code   RO         1548    i.__hardfp_atan     m_wv.l(atan.o)
    0x0800672c   0x0800672c   0x00000070   Code   RO         1847    i.__kernel_poly     m_wv.l(poly.o)
    0x0800679c   0x0800679c   0x00000006   Code   RO         1826    i.__mathlib_dbl_infnan  m_wv.l(dunder.o)
    0x080067a2   0x080067a2   0x00000006   PAD
    0x080067a8   0x080067a8   0x00000018   Code   RO         1828    i.__mathlib_dbl_invalid  m_wv.l(dunder.o)
    0x080067c0   0x080067c0   0x00000018   Code   RO         1831    i.__mathlib_dbl_underflow  m_wv.l(dunder.o)
    0x080067d8   0x080067d8   0x0000000e   Code   RO         1945    i.__scatterload_copy  mc_w.l(handlers.o)
    0x080067e6   0x080067e6   0x00000002   Code   RO         1946    i.__scatterload_null  mc_w.l(handlers.o)
    0x080067e8   0x080067e8   0x0000000e   Code   RO         1947    i.__scatterload_zeroinit  mc_w.l(handlers.o)
    0x080067f6   0x080067f6   0x00000002   PAD
    0x080067f8   0x080067f8   0x0000000c   Code   RO         1887    i.__set_errno       mc_w.l(errno.o)
    0x08006804   0x08006804   0x00000410   Code   RO         1776    i._printf_core      mc_w.l(printf8.o)
    0x08006c14   0x08006c14   0x00000024   Code   RO         1777    i._printf_post_padding  mc_w.l(printf8.o)
    0x08006c38   0x08006c38   0x0000002e   Code   RO         1778    i._printf_pre_padding  mc_w.l(printf8.o)
    0x08006c66   0x08006c66   0x0000000a   Code   RO         1780    i._sputc            mc_w.l(printf8.o)
    0x08006c70   0x08006c70   0x00000018   Code   RO         1841    i.fabs              m_wv.l(fabs.o)
    0x08006c88   0x08006c88   0x0000006a   Code   RO         1851    i.sqrt              m_wv.l(sqrt.o)
    0x08006cf2   0x08006cf2   0x00000006   PAD
    0x08006cf8   0x08006cf8   0x00000050   Data   RO         1544    .constdata          m_wv.l(acos.o)
    0x08006d48   0x08006d48   0x00000098   Data   RO         1551    .constdata          m_wv.l(atan.o)
    0x08006de0   0x08006de0   0x00000081   Data   RO         1910    .constdata          mc_w.l(ctype_o.o)
    0x08006e61   0x08006e61   0x00000003   PAD
    0x08006e64   0x08006e64   0x00000004   Data   RO         1911    .constdata          mc_w.l(ctype_o.o)
    0x08006e68   0x08006e68   0x00000006   Data   RO         1401    .rodata..Lswitch.table.UART_SetConfig.5  stm32h7xx_hal_uart.o
    0x08006e6e   0x08006e6e   0x00000006   Data   RO         1402    .rodata..Lswitch.table.UART_SetConfig.7  stm32h7xx_hal_uart.o
    0x08006e74   0x08006e74   0x00000010   Data   RO         1458    .rodata.D1CorePrescTable  system_stm32h7xx.o
    0x08006e84   0x08006e84   0x00000018   Data   RO         1400    .rodata.UARTPrescTable  stm32h7xx_hal_uart.o
    0x08006e9c   0x08006e9c   0x00000010   Data   RO         1443    .rodata.cst8        stm32h7xx_hal_uart_ex.o
    0x08006eac   0x08006eac   0x0000004e   Data   RO         1496    .rodata.str1.1      fun.o
    0x08006efa   0x08006efa   0x00000002   PAD
    0x08006efc   0x08006efc   0x00000020   Data   RO         1944    Region$$Table       anon$$obj.o


    Execution Region RW_IRAM1 (Exec base: 0x20000000, Load base: 0x08006f1c, Size: 0x00000000, Max: 0x00020000, ABSOLUTE)

    **** No section assigned to this execution region ****


    Execution Region RW_IRAM2 (Exec base: 0x24000000, Load base: 0x08006f20, Size: 0x00000958, Max: 0x00080000, ABSOLUTE)

    Exec Addr    Load Addr    Size         Type   Attr      Idx    E Section Name        Object

    0x24000000   0x08006f20   0x00000004   Data   RW         1869    .data               mc_w.l(stdout.o)
    0x24000004   0x08006f24   0x00000004   Data   RW         1888    .data               mc_w.l(errno.o)
    0x24000008   0x08006f28   0x00000008   Data   RW          730    .data..L_MergedGlobals  stm32h7xx_hal.o
    0x24000010   0x08006f30   0x00000008   Data   RW         1459    .data..L_MergedGlobals  system_stm32h7xx.o
    0x24000018        -       0x00000018   Zero   RW           26    .bss..L_MergedGlobals  main.o
    0x24000030        -       0x00000001   Zero   RW         1533    .bss.RxBuffer       tjc_usart_hmi.o
    0x24000031   0x08006f38   0x00000007   PAD
    0x24000038        -       0x00000038   Zero   RW         1497    .bss.djjd           fun.o
    0x24000070        -       0x0000004c   Zero   RW           53    .bss.htim3          tim.o
    0x240000bc        -       0x0000004c   Zero   RW           54    .bss.htim4          tim.o
    0x24000108        -       0x00000094   Zero   RW           78    .bss.huart2         usart.o
    0x2400019c        -       0x00000094   Zero   RW           75    .bss.huart4         usart.o
    0x24000230        -       0x00000094   Zero   RW           76    .bss.huart5         usart.o
    0x240002c4        -       0x00000094   Zero   RW           77    .bss.huart8         usart.o
    0x24000358        -       0x000001fa   Zero   RW         1532    .bss.ringBuffer     tjc_usart_hmi.o
    0x24000552   0x08006f38   0x00000002   PAD
    0x24000554        -       0x00000004   Zero   RW          729    .bss.uwTick         stm32h7xx_hal.o
    0x24000558        -       0x00000400   Zero   RW            1    STACK               startup_stm32h750xx.o


==============================================================================

Image component sizes


      Code (inc. data)   RO Data    RW Data    ZI Data      Debug   Object Name

      2046        244         78          0         56       7865   fun.o
       158          0          0          0          0       3000   gpio.o
       578          0          0          0         24       7697   main.o
        44         12        664          0       1024        828   startup_stm32h750xx.o
       272          0          0          8          4      15112   stm32h7xx_hal.o
       202          0          0          0          0      12528   stm32h7xx_hal_cortex.o
      2012          0          0          0          0      18491   stm32h7xx_hal_dma.o
       432          0          0          0          0       7021   stm32h7xx_hal_gpio.o
        32          0          0          0          0       2234   stm32h7xx_hal_msp.o
        76          0          0          0          0      10813   stm32h7xx_hal_pwr_ex.o
      2536         24          0          0          0      12095   stm32h7xx_hal_rcc.o
      4038        150          0          0          0      20434   stm32h7xx_hal_rcc_ex.o
       942          0          0          0          0      67212   stm32h7xx_hal_tim.o
       206          0          0          0          0      26018   stm32h7xx_hal_tim_ex.o
      8186        332         36          0          0      43784   stm32h7xx_hal_uart.o
       340          0         16          0          0      11582   stm32h7xx_hal_uart_ex.o
        68          0          0          0          0       5054   stm32h7xx_it.o
       282          0         16          8          0       6296   system_stm32h7xx.o
       322          0          0          0        152       7175   tim.o
        16          0          0          0        507       9546   tjc_usart_hmi.o
       954          0          0          0        592      13021   usart.o

    ----------------------------------------------------------------------
     24036        766        844         16       2368     307806   Object Totals
         0          0         32          0          0          0   (incl. Generated)
       294          4          2          0          9          0   (incl. Padding)

    ----------------------------------------------------------------------

      Code (inc. data)   RO Data    RW Data    ZI Data      Debug   Library Member Name

       512         90         80          0          0        256   acos.o
       468         66        152          0          0        224   atan.o
        54         28          0          0          0        348   dunder.o
        24          0          0          0          0        124   fabs.o
        48          0          0          0          0        124   fpclassify.o
       112          0          0          0          0        116   poly.o
       106          0          0          0          0        140   sqrt.o
        28          0          0          0          0         68   _chval.o
       158          0          0          0          0         92   _strtoul.o
        26          0          0          0          0         80   atoi.o
         8          4        133          0          0         68   ctype_o.o
         0          0          0          0          0          0   entry.o
         0          0          0          0          0          0   entry10a.o
         0          0          0          0          0          0   entry11a.o
         8          4          0          0          0          0   entry2.o
         4          0          0          0          0          0   entry5.o
         0          0          0          0          0          0   entry7b.o
         0          0          0          0          0          0   entry8b.o
         8          4          0          0          0          0   entry9a.o
        20         10          0          4          0        136   errno.o
        30          0          0          0          0          0   handlers.o
        48         10          0          0          0         68   init.o
         0          0          0          0          0          0   iusefp.o
        30          0          0          0          0         68   llshl.o
        32          0          0          0          0         68   llushr.o
        36          0          0          0          0        108   memseta.o
      1204         60          0          0          0        504   printf8.o
         0          0          0          4          0          0   stdout.o
       112          0          0          0          0         88   strtol.o
        98          0          0          0          0         92   uldiv.o

    ----------------------------------------------------------------------
      3196        276        368          8          0       2772   Library Totals
        22          0          3          0          0          0   (incl. Padding)

    ----------------------------------------------------------------------

      Code (inc. data)   RO Data    RW Data    ZI Data      Debug   Library Name

      1324        184        232          0          0       1332   m_wv.l
      1850         92        133          8          0       1440   mc_w.l

    ----------------------------------------------------------------------
      3196        276        368          8          0       2772   Library Totals

    ----------------------------------------------------------------------

==============================================================================


      Code (inc. data)   RO Data    RW Data    ZI Data      Debug   

     27232       1042       1212         24       2368     308978   Grand Totals
     27232       1042       1212         24       2368     308978   ELF Image Totals
     27232       1042       1212         24          0          0   ROM Totals

==============================================================================

    Total RO  Size (Code + RO Data)                28444 (  27.78kB)
    Total RW  Size (RW Data + ZI Data)              2392 (   2.34kB)
    Total ROM Size (Code + RO Data + RW Data)      28468 (  27.80kB)

==============================================================================

